running develop
running egg_info
creating cstar_bringup.egg-info
writing cstar_bringup.egg-info/PKG-INFO
writing dependency_links to cstar_bringup.egg-info/dependency_links.txt
writing entry points to cstar_bringup.egg-info/entry_points.txt
writing requirements to cstar_bringup.egg-info/requires.txt
writing top-level names to cstar_bringup.egg-info/top_level.txt
writing manifest file 'cstar_bringup.egg-info/SOURCES.txt'
reading manifest file 'cstar_bringup.egg-info/SOURCES.txt'
writing manifest file 'cstar_bringup.egg-info/SOURCES.txt'
running build_ext
Creating /home/admin/yahboomcar_cstar/install/cstar_bringup/lib/python3.10/site-packages/cstar-bringup.egg-link (link to .)

Installed /home/admin/yahboomcar_cstar/build/cstar_bringup
running symlink_data
creating /home/admin/yahboomcar_cstar/install/cstar_bringup/share/ament_index
creating /home/admin/yahboomcar_cstar/install/cstar_bringup/share/ament_index/resource_index
creating /home/admin/yahboomcar_cstar/install/cstar_bringup/share/ament_index/resource_index/packages
symbolically linking /home/admin/yahboomcar_cstar/build/cstar_bringup/resource/cstar_bringup -> /home/admin/yahboomcar_cstar/install/cstar_bringup/share/ament_index/resource_index/packages
symbolically linking /home/admin/yahboomcar_cstar/build/cstar_bringup/package.xml -> /home/admin/yahboomcar_cstar/install/cstar_bringup/share/cstar_bringup
