[1.814s] Invoking command in '/home/admin/yahboomcar_cstar/build/cstar_bringup': PYTHONPATH=/home/admin/yahboomcar_cstar/build/cstar_bringup/prefix_override:/usr/lib/python3/dist-packages/colcon_core/task/python/colcon_distutils_commands:/home/admin/yahboomcar_cstar/install/cstar_bringup/lib/python3.10/site-packages:${PYTHONPATH} /usr/bin/python3 -W ignore:setup.py install is deprecated -W ignore:easy_install command is deprecated setup.py develop --editable --build-directory /home/admin/yahboomcar_cstar/build/cstar_bringup/build --no-deps symlink_data
[2.029s] running develop
[2.151s] running egg_info
[2.151s] creating cstar_bringup.egg-info
[2.151s] writing cstar_bringup.egg-info/PKG-INFO
[2.152s] writing dependency_links to cstar_bringup.egg-info/dependency_links.txt
[2.152s] writing entry points to cstar_bringup.egg-info/entry_points.txt
[2.152s] writing requirements to cstar_bringup.egg-info/requires.txt
[2.152s] writing top-level names to cstar_bringup.egg-info/top_level.txt
[2.152s] writing manifest file 'cstar_bringup.egg-info/SOURCES.txt'
[2.154s] reading manifest file 'cstar_bringup.egg-info/SOURCES.txt'
[2.155s] writing manifest file 'cstar_bringup.egg-info/SOURCES.txt'
[2.156s] running build_ext
[2.156s] Creating /home/admin/yahboomcar_cstar/install/cstar_bringup/lib/python3.10/site-packages/cstar-bringup.egg-link (link to .)
[2.157s] 
[2.157s] Installed /home/admin/yahboomcar_cstar/build/cstar_bringup
[2.157s] running symlink_data
[2.157s] creating /home/admin/yahboomcar_cstar/install/cstar_bringup/share/ament_index
[2.157s] creating /home/admin/yahboomcar_cstar/install/cstar_bringup/share/ament_index/resource_index
[2.157s] creating /home/admin/yahboomcar_cstar/install/cstar_bringup/share/ament_index/resource_index/packages
[2.157s] symbolically linking /home/admin/yahboomcar_cstar/build/cstar_bringup/resource/cstar_bringup -> /home/admin/yahboomcar_cstar/install/cstar_bringup/share/ament_index/resource_index/packages
[2.157s] symbolically linking /home/admin/yahboomcar_cstar/build/cstar_bringup/package.xml -> /home/admin/yahboomcar_cstar/install/cstar_bringup/share/cstar_bringup
[2.214s] Invoked command in '/home/admin/yahboomcar_cstar/build/cstar_bringup' returned '0': PYTHONPATH=/home/admin/yahboomcar_cstar/build/cstar_bringup/prefix_override:/usr/lib/python3/dist-packages/colcon_core/task/python/colcon_distutils_commands:/home/admin/yahboomcar_cstar/install/cstar_bringup/lib/python3.10/site-packages:${PYTHONPATH} /usr/bin/python3 -W ignore:setup.py install is deprecated -W ignore:easy_install command is deprecated setup.py develop --editable --build-directory /home/admin/yahboomcar_cstar/build/cstar_bringup/build --no-deps symlink_data
