[0.202s] DEBUG:colcon:Command line arguments: ['/usr/bin/colcon', 'build', '--symlink-install', '--packages-select', 'cstar_graph']
[0.202s] DEBUG:colcon:Parsed command line arguments: Namespace(log_base=None, log_level=None, verb_name='build', build_base='build', install_base='install', merge_install=False, symlink_install=True, test_result_base=None, continue_on_error=False, executor='parallel', parallel_workers=32, event_handlers=None, ignore_user_meta=False, metas=['./colcon.meta'], base_paths=['.'], packages_ignore=None, packages_ignore_regex=None, paths=None, packages_up_to=None, packages_up_to_regex=None, packages_above=None, packages_above_and_dependencies=None, packages_above_depth=None, packages_select_by_dep=None, packages_skip_by_dep=None, packages_skip_up_to=None, packages_select_build_failed=False, packages_skip_build_finished=False, packages_select_test_failures=False, packages_skip_test_passed=False, packages_select=['cstar_graph'], packages_skip=None, packages_select_regex=None, packages_skip_regex=None, packages_start=None, packages_end=None, allow_overriding=[], cmake_args=None, cmake_target=None, cmake_target_skip_unavailable=False, cmake_clean_cache=False, cmake_clean_first=False, cmake_force_configure=False, ament_cmake_args=None, catkin_cmake_args=None, catkin_skip_building_tests=False, verb_parser=<colcon_defaults.argument_parser.defaults.DefaultArgumentsDecorator object at 0x7f49a0c644f0>, verb_extension=<colcon_core.verb.build.BuildVerb object at 0x7f49a0c33bb0>, main=<bound method BuildVerb.main of <colcon_core.verb.build.BuildVerb object at 0x7f49a0c33bb0>>)
[0.453s] Level 1:colcon.colcon_core.package_discovery:discover_packages(colcon_meta) check parameters
[0.453s] Level 1:colcon.colcon_core.package_discovery:discover_packages(recursive) check parameters
[0.453s] Level 1:colcon.colcon_core.package_discovery:discover_packages(ignore) check parameters
[0.453s] Level 1:colcon.colcon_core.package_discovery:discover_packages(path) check parameters
[0.453s] Level 1:colcon.colcon_core.package_discovery:discover_packages(colcon_meta) discover
[0.453s] Level 1:colcon.colcon_core.package_discovery:discover_packages(recursive) discover
[0.453s] INFO:colcon.colcon_core.package_discovery:Crawling recursively for packages in '/home/admin/yahboomcar_cstar'
[0.453s] Level 1:colcon.colcon_core.package_identification:_identify(.) by extensions ['ignore', 'ignore_ament_install']
[0.453s] Level 1:colcon.colcon_core.package_identification:_identify(.) by extension 'ignore'
[0.453s] Level 1:colcon.colcon_core.package_identification:_identify(.) by extension 'ignore_ament_install'
[0.453s] Level 1:colcon.colcon_core.package_identification:_identify(.) by extensions ['colcon_pkg']
[0.453s] Level 1:colcon.colcon_core.package_identification:_identify(.) by extension 'colcon_pkg'
[0.453s] Level 1:colcon.colcon_core.package_identification:_identify(.) by extensions ['colcon_meta']
[0.453s] Level 1:colcon.colcon_core.package_identification:_identify(.) by extension 'colcon_meta'
[0.453s] Level 1:colcon.colcon_core.package_identification:_identify(.) by extensions ['ros']
[0.453s] Level 1:colcon.colcon_core.package_identification:_identify(.) by extension 'ros'
[0.463s] Level 1:colcon.colcon_core.package_identification:_identify(.) by extensions ['cmake', 'python']
[0.464s] Level 1:colcon.colcon_core.package_identification:_identify(.) by extension 'cmake'
[0.464s] Level 1:colcon.colcon_core.package_identification:_identify(.) by extension 'python'
[0.464s] Level 1:colcon.colcon_core.package_identification:_identify(.) by extensions ['python_setup_py']
[0.464s] Level 1:colcon.colcon_core.package_identification:_identify(.) by extension 'python_setup_py'
[0.464s] Level 1:colcon.colcon_core.package_identification:_identify(build) by extensions ['ignore', 'ignore_ament_install']
[0.464s] Level 1:colcon.colcon_core.package_identification:_identify(build) by extension 'ignore'
[0.464s] Level 1:colcon.colcon_core.package_identification:_identify(build) ignored
[0.464s] Level 1:colcon.colcon_core.package_identification:_identify(install) by extensions ['ignore', 'ignore_ament_install']
[0.464s] Level 1:colcon.colcon_core.package_identification:_identify(install) by extension 'ignore'
[0.464s] Level 1:colcon.colcon_core.package_identification:_identify(install) ignored
[0.464s] Level 1:colcon.colcon_core.package_identification:_identify(log) by extensions ['ignore', 'ignore_ament_install']
[0.464s] Level 1:colcon.colcon_core.package_identification:_identify(log) by extension 'ignore'
[0.464s] Level 1:colcon.colcon_core.package_identification:_identify(log) ignored
[0.464s] Level 1:colcon.colcon_core.package_identification:_identify(src) by extensions ['ignore', 'ignore_ament_install']
[0.464s] Level 1:colcon.colcon_core.package_identification:_identify(src) by extension 'ignore'
[0.464s] Level 1:colcon.colcon_core.package_identification:_identify(src) by extension 'ignore_ament_install'
[0.464s] Level 1:colcon.colcon_core.package_identification:_identify(src) by extensions ['colcon_pkg']
[0.464s] Level 1:colcon.colcon_core.package_identification:_identify(src) by extension 'colcon_pkg'
[0.464s] Level 1:colcon.colcon_core.package_identification:_identify(src) by extensions ['colcon_meta']
[0.464s] Level 1:colcon.colcon_core.package_identification:_identify(src) by extension 'colcon_meta'
[0.464s] Level 1:colcon.colcon_core.package_identification:_identify(src) by extensions ['ros']
[0.464s] Level 1:colcon.colcon_core.package_identification:_identify(src) by extension 'ros'
[0.464s] Level 1:colcon.colcon_core.package_identification:_identify(src) by extensions ['cmake', 'python']
[0.464s] Level 1:colcon.colcon_core.package_identification:_identify(src) by extension 'cmake'
[0.464s] Level 1:colcon.colcon_core.package_identification:_identify(src) by extension 'python'
[0.465s] Level 1:colcon.colcon_core.package_identification:_identify(src) by extensions ['python_setup_py']
[0.465s] Level 1:colcon.colcon_core.package_identification:_identify(src) by extension 'python_setup_py'
[0.465s] Level 1:colcon.colcon_core.package_identification:_identify(src/cstar_bringup) by extensions ['ignore', 'ignore_ament_install']
[0.465s] Level 1:colcon.colcon_core.package_identification:_identify(src/cstar_bringup) by extension 'ignore'
[0.465s] Level 1:colcon.colcon_core.package_identification:_identify(src/cstar_bringup) by extension 'ignore_ament_install'
[0.465s] Level 1:colcon.colcon_core.package_identification:_identify(src/cstar_bringup) by extensions ['colcon_pkg']
[0.465s] Level 1:colcon.colcon_core.package_identification:_identify(src/cstar_bringup) by extension 'colcon_pkg'
[0.465s] Level 1:colcon.colcon_core.package_identification:_identify(src/cstar_bringup) by extensions ['colcon_meta']
[0.465s] Level 1:colcon.colcon_core.package_identification:_identify(src/cstar_bringup) by extension 'colcon_meta'
[0.465s] Level 1:colcon.colcon_core.package_identification:_identify(src/cstar_bringup) by extensions ['ros']
[0.465s] Level 1:colcon.colcon_core.package_identification:_identify(src/cstar_bringup) by extension 'ros'
[0.468s] DEBUG:colcon.colcon_core.package_identification:Package 'src/cstar_bringup' with type 'ros.ament_python' and name 'cstar_bringup'
[0.468s] Level 1:colcon.colcon_core.package_identification:_identify(src/cstar_controller) by extensions ['ignore', 'ignore_ament_install']
[0.468s] Level 1:colcon.colcon_core.package_identification:_identify(src/cstar_controller) by extension 'ignore'
[0.468s] Level 1:colcon.colcon_core.package_identification:_identify(src/cstar_controller) by extension 'ignore_ament_install'
[0.468s] Level 1:colcon.colcon_core.package_identification:_identify(src/cstar_controller) by extensions ['colcon_pkg']
[0.468s] Level 1:colcon.colcon_core.package_identification:_identify(src/cstar_controller) by extension 'colcon_pkg'
[0.468s] Level 1:colcon.colcon_core.package_identification:_identify(src/cstar_controller) by extensions ['colcon_meta']
[0.468s] Level 1:colcon.colcon_core.package_identification:_identify(src/cstar_controller) by extension 'colcon_meta'
[0.468s] Level 1:colcon.colcon_core.package_identification:_identify(src/cstar_controller) by extensions ['ros']
[0.468s] Level 1:colcon.colcon_core.package_identification:_identify(src/cstar_controller) by extension 'ros'
[0.469s] DEBUG:colcon.colcon_core.package_identification:Package 'src/cstar_controller' with type 'ros.ament_python' and name 'cstar_controller'
[0.469s] Level 1:colcon.colcon_core.package_identification:_identify(src/cstar_graph) by extensions ['ignore', 'ignore_ament_install']
[0.469s] Level 1:colcon.colcon_core.package_identification:_identify(src/cstar_graph) by extension 'ignore'
[0.469s] Level 1:colcon.colcon_core.package_identification:_identify(src/cstar_graph) by extension 'ignore_ament_install'
[0.469s] Level 1:colcon.colcon_core.package_identification:_identify(src/cstar_graph) by extensions ['colcon_pkg']
[0.469s] Level 1:colcon.colcon_core.package_identification:_identify(src/cstar_graph) by extension 'colcon_pkg'
[0.469s] Level 1:colcon.colcon_core.package_identification:_identify(src/cstar_graph) by extensions ['colcon_meta']
[0.469s] Level 1:colcon.colcon_core.package_identification:_identify(src/cstar_graph) by extension 'colcon_meta'
[0.469s] Level 1:colcon.colcon_core.package_identification:_identify(src/cstar_graph) by extensions ['ros']
[0.469s] Level 1:colcon.colcon_core.package_identification:_identify(src/cstar_graph) by extension 'ros'
[0.470s] DEBUG:colcon.colcon_core.package_identification:Package 'src/cstar_graph' with type 'ros.ament_python' and name 'cstar_graph'
[0.470s] Level 1:colcon.colcon_core.package_identification:_identify(src/cstar_mapping) by extensions ['ignore', 'ignore_ament_install']
[0.471s] Level 1:colcon.colcon_core.package_identification:_identify(src/cstar_mapping) by extension 'ignore'
[0.471s] Level 1:colcon.colcon_core.package_identification:_identify(src/cstar_mapping) by extension 'ignore_ament_install'
[0.471s] Level 1:colcon.colcon_core.package_identification:_identify(src/cstar_mapping) by extensions ['colcon_pkg']
[0.471s] Level 1:colcon.colcon_core.package_identification:_identify(src/cstar_mapping) by extension 'colcon_pkg'
[0.471s] Level 1:colcon.colcon_core.package_identification:_identify(src/cstar_mapping) by extensions ['colcon_meta']
[0.471s] Level 1:colcon.colcon_core.package_identification:_identify(src/cstar_mapping) by extension 'colcon_meta'
[0.471s] Level 1:colcon.colcon_core.package_identification:_identify(src/cstar_mapping) by extensions ['ros']
[0.471s] Level 1:colcon.colcon_core.package_identification:_identify(src/cstar_mapping) by extension 'ros'
[0.472s] DEBUG:colcon.colcon_core.package_identification:Package 'src/cstar_mapping' with type 'ros.ament_python' and name 'cstar_mapping'
[0.472s] Level 1:colcon.colcon_core.package_identification:_identify(src/cstar_metrics) by extensions ['ignore', 'ignore_ament_install']
[0.472s] Level 1:colcon.colcon_core.package_identification:_identify(src/cstar_metrics) by extension 'ignore'
[0.472s] Level 1:colcon.colcon_core.package_identification:_identify(src/cstar_metrics) by extension 'ignore_ament_install'
[0.472s] Level 1:colcon.colcon_core.package_identification:_identify(src/cstar_metrics) by extensions ['colcon_pkg']
[0.472s] Level 1:colcon.colcon_core.package_identification:_identify(src/cstar_metrics) by extension 'colcon_pkg'
[0.472s] Level 1:colcon.colcon_core.package_identification:_identify(src/cstar_metrics) by extensions ['colcon_meta']
[0.472s] Level 1:colcon.colcon_core.package_identification:_identify(src/cstar_metrics) by extension 'colcon_meta'
[0.472s] Level 1:colcon.colcon_core.package_identification:_identify(src/cstar_metrics) by extensions ['ros']
[0.472s] Level 1:colcon.colcon_core.package_identification:_identify(src/cstar_metrics) by extension 'ros'
[0.473s] DEBUG:colcon.colcon_core.package_identification:Package 'src/cstar_metrics' with type 'ros.ament_python' and name 'cstar_metrics'
[0.473s] Level 1:colcon.colcon_core.package_identification:_identify(src/cstar_planner) by extensions ['ignore', 'ignore_ament_install']
[0.473s] Level 1:colcon.colcon_core.package_identification:_identify(src/cstar_planner) by extension 'ignore'
[0.473s] Level 1:colcon.colcon_core.package_identification:_identify(src/cstar_planner) by extension 'ignore_ament_install'
[0.473s] Level 1:colcon.colcon_core.package_identification:_identify(src/cstar_planner) by extensions ['colcon_pkg']
[0.473s] Level 1:colcon.colcon_core.package_identification:_identify(src/cstar_planner) by extension 'colcon_pkg'
[0.473s] Level 1:colcon.colcon_core.package_identification:_identify(src/cstar_planner) by extensions ['colcon_meta']
[0.473s] Level 1:colcon.colcon_core.package_identification:_identify(src/cstar_planner) by extension 'colcon_meta'
[0.473s] Level 1:colcon.colcon_core.package_identification:_identify(src/cstar_planner) by extensions ['ros']
[0.473s] Level 1:colcon.colcon_core.package_identification:_identify(src/cstar_planner) by extension 'ros'
[0.474s] DEBUG:colcon.colcon_core.package_identification:Package 'src/cstar_planner' with type 'ros.ament_python' and name 'cstar_planner'
[0.474s] Level 1:colcon.colcon_core.package_discovery:discover_packages(recursive) using defaults
[0.474s] Level 1:colcon.colcon_core.package_discovery:discover_packages(ignore) discover
[0.474s] Level 1:colcon.colcon_core.package_discovery:discover_packages(ignore) using defaults
[0.474s] Level 1:colcon.colcon_core.package_discovery:discover_packages(path) discover
[0.474s] Level 1:colcon.colcon_core.package_discovery:discover_packages(path) using defaults
[0.507s] INFO:colcon.colcon_core.package_selection:Skipping not selected package 'cstar_bringup' in 'src/cstar_bringup'
[0.507s] INFO:colcon.colcon_core.package_selection:Skipping not selected package 'cstar_controller' in 'src/cstar_controller'
[0.507s] INFO:colcon.colcon_core.package_selection:Skipping not selected package 'cstar_mapping' in 'src/cstar_mapping'
[0.507s] INFO:colcon.colcon_core.package_selection:Skipping not selected package 'cstar_metrics' in 'src/cstar_metrics'
[0.507s] INFO:colcon.colcon_core.package_selection:Skipping not selected package 'cstar_planner' in 'src/cstar_planner'
[0.507s] Level 1:colcon.colcon_core.package_discovery:discover_packages(prefix_path) check parameters
[0.508s] Level 1:colcon.colcon_core.package_discovery:discover_packages(prefix_path) discover
[0.513s] DEBUG:colcon.colcon_installed_package_information.package_discovery:Found 21 installed packages in /home/admin/ws/yahboomcar_ros2_ws/yahboomcar_ws/install
[0.513s] DEBUG:colcon.colcon_installed_package_information.package_discovery:Found 6 installed packages in /home/admin/yahboomcar_cstar/install
[0.514s] DEBUG:colcon.colcon_installed_package_information.package_discovery:Found 17 installed packages in /home/admin/pb_rm_simulation/install
[0.514s] DEBUG:colcon.colcon_installed_package_information.package_discovery:Found 5 installed packages in /home/admin/c_star_ws/install
[0.516s] DEBUG:colcon.colcon_installed_package_information.package_discovery:Found 383 installed packages in /opt/ros/humble
[0.517s] Level 1:colcon.colcon_core.package_discovery:discover_packages(prefix_path) using defaults
[0.563s] Level 5:colcon.colcon_core.verb:set package 'cstar_graph' build argument 'cmake_args' from command line to 'None'
[0.563s] Level 5:colcon.colcon_core.verb:set package 'cstar_graph' build argument 'cmake_target' from command line to 'None'
[0.563s] Level 5:colcon.colcon_core.verb:set package 'cstar_graph' build argument 'cmake_target_skip_unavailable' from command line to 'False'
[0.563s] Level 5:colcon.colcon_core.verb:set package 'cstar_graph' build argument 'cmake_clean_cache' from command line to 'False'
[0.563s] Level 5:colcon.colcon_core.verb:set package 'cstar_graph' build argument 'cmake_clean_first' from command line to 'False'
[0.563s] Level 5:colcon.colcon_core.verb:set package 'cstar_graph' build argument 'cmake_force_configure' from command line to 'False'
[0.563s] Level 5:colcon.colcon_core.verb:set package 'cstar_graph' build argument 'ament_cmake_args' from command line to 'None'
[0.563s] Level 5:colcon.colcon_core.verb:set package 'cstar_graph' build argument 'catkin_cmake_args' from command line to 'None'
[0.563s] Level 5:colcon.colcon_core.verb:set package 'cstar_graph' build argument 'catkin_skip_building_tests' from command line to 'False'
[0.563s] DEBUG:colcon.colcon_core.verb:Building package 'cstar_graph' with the following arguments: {'ament_cmake_args': None, 'build_base': '/home/admin/yahboomcar_cstar/build/cstar_graph', 'catkin_cmake_args': None, 'catkin_skip_building_tests': False, 'cmake_args': None, 'cmake_clean_cache': False, 'cmake_clean_first': False, 'cmake_force_configure': False, 'cmake_target': None, 'cmake_target_skip_unavailable': False, 'install_base': '/home/admin/yahboomcar_cstar/install/cstar_graph', 'merge_install': False, 'path': '/home/admin/yahboomcar_cstar/src/cstar_graph', 'symlink_install': True, 'test_result_base': None}
[0.563s] INFO:colcon.colcon_core.executor:Executing jobs using 'parallel' executor
[0.564s] DEBUG:colcon.colcon_parallel_executor.executor.parallel:run_until_complete
[0.564s] INFO:colcon.colcon_ros.task.ament_python.build:Building ROS package in '/home/admin/yahboomcar_cstar/src/cstar_graph' with build type 'ament_python'
[0.564s] Level 1:colcon.colcon_core.shell:create_environment_hook('cstar_graph', 'ament_prefix_path')
[0.569s] INFO:colcon.colcon_core.plugin_system:Skipping extension 'colcon_core.shell.bat': Not used on non-Windows systems
[0.569s] INFO:colcon.colcon_core.shell:Creating environment hook '/home/admin/yahboomcar_cstar/install/cstar_graph/share/cstar_graph/hook/ament_prefix_path.ps1'
[0.570s] INFO:colcon.colcon_core.shell:Creating environment descriptor '/home/admin/yahboomcar_cstar/install/cstar_graph/share/cstar_graph/hook/ament_prefix_path.dsv'
[0.570s] INFO:colcon.colcon_core.shell:Creating environment hook '/home/admin/yahboomcar_cstar/install/cstar_graph/share/cstar_graph/hook/ament_prefix_path.sh'
[0.571s] INFO:colcon.colcon_core.shell:Skip shell extension 'powershell' for command environment: Not usable outside of PowerShell
[0.571s] DEBUG:colcon.colcon_core.shell:Skip shell extension 'dsv' for command environment
[0.811s] INFO:colcon.colcon_core.task.python.build:Building Python package in '/home/admin/yahboomcar_cstar/src/cstar_graph'
[0.811s] INFO:colcon.colcon_core.shell:Skip shell extension 'powershell' for command environment: Not usable outside of PowerShell
[0.811s] DEBUG:colcon.colcon_core.shell:Skip shell extension 'dsv' for command environment
[1.247s] DEBUG:colcon.colcon_core.event_handler.log_command:Invoking command in '/home/admin/yahboomcar_cstar/build/cstar_graph': PYTHONPATH=/home/admin/yahboomcar_cstar/build/cstar_graph/prefix_override:/usr/lib/python3/dist-packages/colcon_core/task/python/colcon_distutils_commands:/home/admin/yahboomcar_cstar/install/cstar_graph/lib/python3.10/site-packages:${PYTHONPATH} /usr/bin/python3 -W ignore:setup.py install is deprecated -W ignore:easy_install command is deprecated setup.py develop --editable --build-directory /home/admin/yahboomcar_cstar/build/cstar_graph/build --no-deps symlink_data
[1.626s] Level 1:colcon.colcon_core.shell:create_environment_hook('cstar_graph', 'pythonpath_develop')
[1.627s] INFO:colcon.colcon_core.shell:Creating environment hook '/home/admin/yahboomcar_cstar/build/cstar_graph/share/cstar_graph/hook/pythonpath_develop.ps1'
[1.627s] DEBUG:colcon.colcon_core.event_handler.log_command:Invoked command in '/home/admin/yahboomcar_cstar/build/cstar_graph' returned '0': PYTHONPATH=/home/admin/yahboomcar_cstar/build/cstar_graph/prefix_override:/usr/lib/python3/dist-packages/colcon_core/task/python/colcon_distutils_commands:/home/admin/yahboomcar_cstar/install/cstar_graph/lib/python3.10/site-packages:${PYTHONPATH} /usr/bin/python3 -W ignore:setup.py install is deprecated -W ignore:easy_install command is deprecated setup.py develop --editable --build-directory /home/admin/yahboomcar_cstar/build/cstar_graph/build --no-deps symlink_data
[1.627s] INFO:colcon.colcon_core.shell:Creating environment descriptor '/home/admin/yahboomcar_cstar/build/cstar_graph/share/cstar_graph/hook/pythonpath_develop.dsv'
[1.628s] INFO:colcon.colcon_core.shell:Creating environment hook '/home/admin/yahboomcar_cstar/build/cstar_graph/share/cstar_graph/hook/pythonpath_develop.sh'
[1.632s] Level 1:colcon.colcon_core.environment:checking '/home/admin/yahboomcar_cstar/install/cstar_graph' for CMake module files
[1.633s] Level 1:colcon.colcon_core.environment:checking '/home/admin/yahboomcar_cstar/install/cstar_graph' for CMake config files
[1.633s] Level 1:colcon.colcon_core.environment:checking '/home/admin/yahboomcar_cstar/install/cstar_graph/lib'
[1.633s] Level 1:colcon.colcon_core.environment:checking '/home/admin/yahboomcar_cstar/install/cstar_graph/bin'
[1.633s] Level 1:colcon.colcon_core.environment:checking '/home/admin/yahboomcar_cstar/install/cstar_graph/lib/pkgconfig/cstar_graph.pc'
[1.634s] Level 1:colcon.colcon_core.environment:checking '/home/admin/yahboomcar_cstar/install/cstar_graph/lib/python3.10/site-packages'
[1.634s] Level 1:colcon.colcon_core.shell:create_environment_hook('cstar_graph', 'pythonpath')
[1.634s] INFO:colcon.colcon_core.shell:Creating environment hook '/home/admin/yahboomcar_cstar/install/cstar_graph/share/cstar_graph/hook/pythonpath.ps1'
[1.634s] INFO:colcon.colcon_core.shell:Creating environment descriptor '/home/admin/yahboomcar_cstar/install/cstar_graph/share/cstar_graph/hook/pythonpath.dsv'
[1.634s] INFO:colcon.colcon_core.shell:Creating environment hook '/home/admin/yahboomcar_cstar/install/cstar_graph/share/cstar_graph/hook/pythonpath.sh'
[1.635s] Level 1:colcon.colcon_core.environment:checking '/home/admin/yahboomcar_cstar/install/cstar_graph/bin'
[1.635s] Level 1:colcon.colcon_core.environment:create_environment_scripts_only(cstar_graph)
[1.635s] INFO:colcon.colcon_core.shell:Creating package script '/home/admin/yahboomcar_cstar/install/cstar_graph/share/cstar_graph/package.ps1'
[1.636s] INFO:colcon.colcon_core.shell:Creating package descriptor '/home/admin/yahboomcar_cstar/install/cstar_graph/share/cstar_graph/package.dsv'
[1.637s] INFO:colcon.colcon_core.shell:Creating package script '/home/admin/yahboomcar_cstar/install/cstar_graph/share/cstar_graph/package.sh'
[1.637s] INFO:colcon.colcon_core.shell:Creating package script '/home/admin/yahboomcar_cstar/install/cstar_graph/share/cstar_graph/package.bash'
[1.638s] INFO:colcon.colcon_core.shell:Creating package script '/home/admin/yahboomcar_cstar/install/cstar_graph/share/cstar_graph/package.zsh'
[1.639s] Level 1:colcon.colcon_core.environment:create_file_with_runtime_dependencies(/home/admin/yahboomcar_cstar/install/cstar_graph/share/colcon-core/packages/cstar_graph)
[1.639s] DEBUG:colcon.colcon_parallel_executor.executor.parallel:closing loop
[1.640s] DEBUG:colcon.colcon_parallel_executor.executor.parallel:loop closed
[1.640s] DEBUG:colcon.colcon_parallel_executor.executor.parallel:run_until_complete finished with '0'
[1.640s] DEBUG:colcon.colcon_core.event_reactor:joining thread
[1.646s] INFO:colcon.colcon_core.plugin_system:Skipping extension 'colcon_notification.desktop_notification.terminal_notifier': Not used on non-Darwin systems
[1.646s] INFO:colcon.colcon_core.plugin_system:Skipping extension 'colcon_notification.desktop_notification.win32': Not used on non-Windows systems
[1.646s] INFO:colcon.colcon_notification.desktop_notification:Sending desktop notification using 'notify2'
[1.663s] DEBUG:colcon.colcon_core.event_reactor:joined thread
[1.663s] INFO:colcon.colcon_core.shell:Creating prefix script '/home/admin/yahboomcar_cstar/install/local_setup.ps1'
[1.664s] INFO:colcon.colcon_core.shell:Creating prefix util module '/home/admin/yahboomcar_cstar/install/_local_setup_util_ps1.py'
[1.665s] INFO:colcon.colcon_core.shell:Creating prefix chain script '/home/admin/yahboomcar_cstar/install/setup.ps1'
[1.668s] INFO:colcon.colcon_core.shell:Creating prefix script '/home/admin/yahboomcar_cstar/install/local_setup.sh'
[1.669s] INFO:colcon.colcon_core.shell:Creating prefix util module '/home/admin/yahboomcar_cstar/install/_local_setup_util_sh.py'
[1.669s] INFO:colcon.colcon_core.shell:Creating prefix chain script '/home/admin/yahboomcar_cstar/install/setup.sh'
[1.672s] INFO:colcon.colcon_core.shell:Creating prefix script '/home/admin/yahboomcar_cstar/install/local_setup.bash'
[1.672s] INFO:colcon.colcon_core.shell:Creating prefix chain script '/home/admin/yahboomcar_cstar/install/setup.bash'
[1.675s] INFO:colcon.colcon_core.shell:Creating prefix script '/home/admin/yahboomcar_cstar/install/local_setup.zsh'
[1.675s] INFO:colcon.colcon_core.shell:Creating prefix chain script '/home/admin/yahboomcar_cstar/install/setup.zsh'
