[0.270s] DEBUG:colcon:Command line arguments: ['/usr/bin/colcon', 'build', '--packages-select', 'cstar_planner', '--symlink-install']
[0.270s] DEBUG:colcon:Parsed command line arguments: Namespace(log_base=None, log_level=None, verb_name='build', build_base='build', install_base='install', merge_install=False, symlink_install=True, test_result_base=None, continue_on_error=False, executor='parallel', parallel_workers=32, event_handlers=None, ignore_user_meta=False, metas=['./colcon.meta'], base_paths=['.'], packages_ignore=None, packages_ignore_regex=None, paths=None, packages_up_to=None, packages_up_to_regex=None, packages_above=None, packages_above_and_dependencies=None, packages_above_depth=None, packages_select_by_dep=None, packages_skip_by_dep=None, packages_skip_up_to=None, packages_select_build_failed=False, packages_skip_build_finished=False, packages_select_test_failures=False, packages_skip_test_passed=False, packages_select=['cstar_planner'], packages_skip=None, packages_select_regex=None, packages_skip_regex=None, packages_start=None, packages_end=None, allow_overriding=[], cmake_args=None, cmake_target=None, cmake_target_skip_unavailable=False, cmake_clean_cache=False, cmake_clean_first=False, cmake_force_configure=False, ament_cmake_args=None, catkin_cmake_args=None, catkin_skip_building_tests=False, verb_parser=<colcon_defaults.argument_parser.defaults.DefaultArgumentsDecorator object at 0x7ff5d0c24400>, verb_extension=<colcon_core.verb.build.BuildVerb object at 0x7ff5d0bf3e20>, main=<bound method BuildVerb.main of <colcon_core.verb.build.BuildVerb object at 0x7ff5d0bf3e20>>)
[0.531s] Level 1:colcon.colcon_core.package_discovery:discover_packages(colcon_meta) check parameters
[0.531s] Level 1:colcon.colcon_core.package_discovery:discover_packages(recursive) check parameters
[0.531s] Level 1:colcon.colcon_core.package_discovery:discover_packages(ignore) check parameters
[0.531s] Level 1:colcon.colcon_core.package_discovery:discover_packages(path) check parameters
[0.531s] Level 1:colcon.colcon_core.package_discovery:discover_packages(colcon_meta) discover
[0.532s] Level 1:colcon.colcon_core.package_discovery:discover_packages(recursive) discover
[0.532s] INFO:colcon.colcon_core.package_discovery:Crawling recursively for packages in '/home/admin/yahboomcar_cstar'
[0.532s] Level 1:colcon.colcon_core.package_identification:_identify(.) by extensions ['ignore', 'ignore_ament_install']
[0.532s] Level 1:colcon.colcon_core.package_identification:_identify(.) by extension 'ignore'
[0.532s] Level 1:colcon.colcon_core.package_identification:_identify(.) by extension 'ignore_ament_install'
[0.532s] Level 1:colcon.colcon_core.package_identification:_identify(.) by extensions ['colcon_pkg']
[0.532s] Level 1:colcon.colcon_core.package_identification:_identify(.) by extension 'colcon_pkg'
[0.532s] Level 1:colcon.colcon_core.package_identification:_identify(.) by extensions ['colcon_meta']
[0.532s] Level 1:colcon.colcon_core.package_identification:_identify(.) by extension 'colcon_meta'
[0.532s] Level 1:colcon.colcon_core.package_identification:_identify(.) by extensions ['ros']
[0.532s] Level 1:colcon.colcon_core.package_identification:_identify(.) by extension 'ros'
[0.542s] Level 1:colcon.colcon_core.package_identification:_identify(.) by extensions ['cmake', 'python']
[0.542s] Level 1:colcon.colcon_core.package_identification:_identify(.) by extension 'cmake'
[0.542s] Level 1:colcon.colcon_core.package_identification:_identify(.) by extension 'python'
[0.542s] Level 1:colcon.colcon_core.package_identification:_identify(.) by extensions ['python_setup_py']
[0.542s] Level 1:colcon.colcon_core.package_identification:_identify(.) by extension 'python_setup_py'
[0.542s] Level 1:colcon.colcon_core.package_identification:_identify(build) by extensions ['ignore', 'ignore_ament_install']
[0.543s] Level 1:colcon.colcon_core.package_identification:_identify(build) by extension 'ignore'
[0.543s] Level 1:colcon.colcon_core.package_identification:_identify(build) ignored
[0.543s] Level 1:colcon.colcon_core.package_identification:_identify(install) by extensions ['ignore', 'ignore_ament_install']
[0.543s] Level 1:colcon.colcon_core.package_identification:_identify(install) by extension 'ignore'
[0.543s] Level 1:colcon.colcon_core.package_identification:_identify(install) ignored
[0.543s] Level 1:colcon.colcon_core.package_identification:_identify(log) by extensions ['ignore', 'ignore_ament_install']
[0.543s] Level 1:colcon.colcon_core.package_identification:_identify(log) by extension 'ignore'
[0.543s] Level 1:colcon.colcon_core.package_identification:_identify(log) ignored
[0.543s] Level 1:colcon.colcon_core.package_identification:_identify(src) by extensions ['ignore', 'ignore_ament_install']
[0.543s] Level 1:colcon.colcon_core.package_identification:_identify(src) by extension 'ignore'
[0.543s] Level 1:colcon.colcon_core.package_identification:_identify(src) by extension 'ignore_ament_install'
[0.543s] Level 1:colcon.colcon_core.package_identification:_identify(src) by extensions ['colcon_pkg']
[0.543s] Level 1:colcon.colcon_core.package_identification:_identify(src) by extension 'colcon_pkg'
[0.543s] Level 1:colcon.colcon_core.package_identification:_identify(src) by extensions ['colcon_meta']
[0.543s] Level 1:colcon.colcon_core.package_identification:_identify(src) by extension 'colcon_meta'
[0.543s] Level 1:colcon.colcon_core.package_identification:_identify(src) by extensions ['ros']
[0.543s] Level 1:colcon.colcon_core.package_identification:_identify(src) by extension 'ros'
[0.543s] Level 1:colcon.colcon_core.package_identification:_identify(src) by extensions ['cmake', 'python']
[0.543s] Level 1:colcon.colcon_core.package_identification:_identify(src) by extension 'cmake'
[0.543s] Level 1:colcon.colcon_core.package_identification:_identify(src) by extension 'python'
[0.543s] Level 1:colcon.colcon_core.package_identification:_identify(src) by extensions ['python_setup_py']
[0.543s] Level 1:colcon.colcon_core.package_identification:_identify(src) by extension 'python_setup_py'
[0.543s] Level 1:colcon.colcon_core.package_identification:_identify(src/cstar_bringup) by extensions ['ignore', 'ignore_ament_install']
[0.543s] Level 1:colcon.colcon_core.package_identification:_identify(src/cstar_bringup) by extension 'ignore'
[0.543s] Level 1:colcon.colcon_core.package_identification:_identify(src/cstar_bringup) by extension 'ignore_ament_install'
[0.543s] Level 1:colcon.colcon_core.package_identification:_identify(src/cstar_bringup) by extensions ['colcon_pkg']
[0.543s] Level 1:colcon.colcon_core.package_identification:_identify(src/cstar_bringup) by extension 'colcon_pkg'
[0.543s] Level 1:colcon.colcon_core.package_identification:_identify(src/cstar_bringup) by extensions ['colcon_meta']
[0.543s] Level 1:colcon.colcon_core.package_identification:_identify(src/cstar_bringup) by extension 'colcon_meta'
[0.544s] Level 1:colcon.colcon_core.package_identification:_identify(src/cstar_bringup) by extensions ['ros']
[0.544s] Level 1:colcon.colcon_core.package_identification:_identify(src/cstar_bringup) by extension 'ros'
[0.547s] DEBUG:colcon.colcon_core.package_identification:Package 'src/cstar_bringup' with type 'ros.ament_python' and name 'cstar_bringup'
[0.547s] Level 1:colcon.colcon_core.package_identification:_identify(src/cstar_controller) by extensions ['ignore', 'ignore_ament_install']
[0.547s] Level 1:colcon.colcon_core.package_identification:_identify(src/cstar_controller) by extension 'ignore'
[0.547s] Level 1:colcon.colcon_core.package_identification:_identify(src/cstar_controller) by extension 'ignore_ament_install'
[0.547s] Level 1:colcon.colcon_core.package_identification:_identify(src/cstar_controller) by extensions ['colcon_pkg']
[0.547s] Level 1:colcon.colcon_core.package_identification:_identify(src/cstar_controller) by extension 'colcon_pkg'
[0.547s] Level 1:colcon.colcon_core.package_identification:_identify(src/cstar_controller) by extensions ['colcon_meta']
[0.547s] Level 1:colcon.colcon_core.package_identification:_identify(src/cstar_controller) by extension 'colcon_meta'
[0.547s] Level 1:colcon.colcon_core.package_identification:_identify(src/cstar_controller) by extensions ['ros']
[0.547s] Level 1:colcon.colcon_core.package_identification:_identify(src/cstar_controller) by extension 'ros'
[0.548s] DEBUG:colcon.colcon_core.package_identification:Package 'src/cstar_controller' with type 'ros.ament_python' and name 'cstar_controller'
[0.548s] Level 1:colcon.colcon_core.package_identification:_identify(src/cstar_graph) by extensions ['ignore', 'ignore_ament_install']
[0.548s] Level 1:colcon.colcon_core.package_identification:_identify(src/cstar_graph) by extension 'ignore'
[0.548s] Level 1:colcon.colcon_core.package_identification:_identify(src/cstar_graph) by extension 'ignore_ament_install'
[0.548s] Level 1:colcon.colcon_core.package_identification:_identify(src/cstar_graph) by extensions ['colcon_pkg']
[0.548s] Level 1:colcon.colcon_core.package_identification:_identify(src/cstar_graph) by extension 'colcon_pkg'
[0.548s] Level 1:colcon.colcon_core.package_identification:_identify(src/cstar_graph) by extensions ['colcon_meta']
[0.548s] Level 1:colcon.colcon_core.package_identification:_identify(src/cstar_graph) by extension 'colcon_meta'
[0.548s] Level 1:colcon.colcon_core.package_identification:_identify(src/cstar_graph) by extensions ['ros']
[0.548s] Level 1:colcon.colcon_core.package_identification:_identify(src/cstar_graph) by extension 'ros'
[0.549s] DEBUG:colcon.colcon_core.package_identification:Package 'src/cstar_graph' with type 'ros.ament_python' and name 'cstar_graph'
[0.549s] Level 1:colcon.colcon_core.package_identification:_identify(src/cstar_mapping) by extensions ['ignore', 'ignore_ament_install']
[0.550s] Level 1:colcon.colcon_core.package_identification:_identify(src/cstar_mapping) by extension 'ignore'
[0.550s] Level 1:colcon.colcon_core.package_identification:_identify(src/cstar_mapping) by extension 'ignore_ament_install'
[0.550s] Level 1:colcon.colcon_core.package_identification:_identify(src/cstar_mapping) by extensions ['colcon_pkg']
[0.550s] Level 1:colcon.colcon_core.package_identification:_identify(src/cstar_mapping) by extension 'colcon_pkg'
[0.550s] Level 1:colcon.colcon_core.package_identification:_identify(src/cstar_mapping) by extensions ['colcon_meta']
[0.550s] Level 1:colcon.colcon_core.package_identification:_identify(src/cstar_mapping) by extension 'colcon_meta'
[0.550s] Level 1:colcon.colcon_core.package_identification:_identify(src/cstar_mapping) by extensions ['ros']
[0.550s] Level 1:colcon.colcon_core.package_identification:_identify(src/cstar_mapping) by extension 'ros'
[0.551s] DEBUG:colcon.colcon_core.package_identification:Package 'src/cstar_mapping' with type 'ros.ament_python' and name 'cstar_mapping'
[0.551s] Level 1:colcon.colcon_core.package_identification:_identify(src/cstar_metrics) by extensions ['ignore', 'ignore_ament_install']
[0.551s] Level 1:colcon.colcon_core.package_identification:_identify(src/cstar_metrics) by extension 'ignore'
[0.551s] Level 1:colcon.colcon_core.package_identification:_identify(src/cstar_metrics) by extension 'ignore_ament_install'
[0.551s] Level 1:colcon.colcon_core.package_identification:_identify(src/cstar_metrics) by extensions ['colcon_pkg']
[0.551s] Level 1:colcon.colcon_core.package_identification:_identify(src/cstar_metrics) by extension 'colcon_pkg'
[0.551s] Level 1:colcon.colcon_core.package_identification:_identify(src/cstar_metrics) by extensions ['colcon_meta']
[0.551s] Level 1:colcon.colcon_core.package_identification:_identify(src/cstar_metrics) by extension 'colcon_meta'
[0.551s] Level 1:colcon.colcon_core.package_identification:_identify(src/cstar_metrics) by extensions ['ros']
[0.551s] Level 1:colcon.colcon_core.package_identification:_identify(src/cstar_metrics) by extension 'ros'
[0.552s] DEBUG:colcon.colcon_core.package_identification:Package 'src/cstar_metrics' with type 'ros.ament_python' and name 'cstar_metrics'
[0.552s] Level 1:colcon.colcon_core.package_identification:_identify(src/cstar_planner) by extensions ['ignore', 'ignore_ament_install']
[0.552s] Level 1:colcon.colcon_core.package_identification:_identify(src/cstar_planner) by extension 'ignore'
[0.552s] Level 1:colcon.colcon_core.package_identification:_identify(src/cstar_planner) by extension 'ignore_ament_install'
[0.552s] Level 1:colcon.colcon_core.package_identification:_identify(src/cstar_planner) by extensions ['colcon_pkg']
[0.552s] Level 1:colcon.colcon_core.package_identification:_identify(src/cstar_planner) by extension 'colcon_pkg'
[0.552s] Level 1:colcon.colcon_core.package_identification:_identify(src/cstar_planner) by extensions ['colcon_meta']
[0.552s] Level 1:colcon.colcon_core.package_identification:_identify(src/cstar_planner) by extension 'colcon_meta'
[0.552s] Level 1:colcon.colcon_core.package_identification:_identify(src/cstar_planner) by extensions ['ros']
[0.552s] Level 1:colcon.colcon_core.package_identification:_identify(src/cstar_planner) by extension 'ros'
[0.553s] DEBUG:colcon.colcon_core.package_identification:Package 'src/cstar_planner' with type 'ros.ament_python' and name 'cstar_planner'
[0.553s] Level 1:colcon.colcon_core.package_discovery:discover_packages(recursive) using defaults
[0.553s] Level 1:colcon.colcon_core.package_discovery:discover_packages(ignore) discover
[0.553s] Level 1:colcon.colcon_core.package_discovery:discover_packages(ignore) using defaults
[0.553s] Level 1:colcon.colcon_core.package_discovery:discover_packages(path) discover
[0.553s] Level 1:colcon.colcon_core.package_discovery:discover_packages(path) using defaults
[0.590s] INFO:colcon.colcon_core.package_selection:Skipping not selected package 'cstar_bringup' in 'src/cstar_bringup'
[0.590s] INFO:colcon.colcon_core.package_selection:Skipping not selected package 'cstar_controller' in 'src/cstar_controller'
[0.590s] INFO:colcon.colcon_core.package_selection:Skipping not selected package 'cstar_graph' in 'src/cstar_graph'
[0.590s] INFO:colcon.colcon_core.package_selection:Skipping not selected package 'cstar_mapping' in 'src/cstar_mapping'
[0.590s] INFO:colcon.colcon_core.package_selection:Skipping not selected package 'cstar_metrics' in 'src/cstar_metrics'
[0.591s] Level 1:colcon.colcon_core.package_discovery:discover_packages(prefix_path) check parameters
[0.591s] Level 1:colcon.colcon_core.package_discovery:discover_packages(prefix_path) discover
[0.596s] DEBUG:colcon.colcon_installed_package_information.package_discovery:Found 6 installed packages in /home/admin/yahboomcar_cstar/install
[0.597s] DEBUG:colcon.colcon_installed_package_information.package_discovery:Found 21 installed packages in /home/admin/ws/yahboomcar_ros2_ws/yahboomcar_ws/install
[0.597s] DEBUG:colcon.colcon_installed_package_information.package_discovery:Found 17 installed packages in /home/admin/pb_rm_simulation/install
[0.598s] DEBUG:colcon.colcon_installed_package_information.package_discovery:Found 5 installed packages in /home/admin/c_star_ws/install
[0.600s] DEBUG:colcon.colcon_installed_package_information.package_discovery:Found 383 installed packages in /opt/ros/humble
[0.601s] Level 1:colcon.colcon_core.package_discovery:discover_packages(prefix_path) using defaults
[0.674s] Level 5:colcon.colcon_core.verb:set package 'cstar_planner' build argument 'cmake_args' from command line to 'None'
[0.674s] Level 5:colcon.colcon_core.verb:set package 'cstar_planner' build argument 'cmake_target' from command line to 'None'
[0.674s] Level 5:colcon.colcon_core.verb:set package 'cstar_planner' build argument 'cmake_target_skip_unavailable' from command line to 'False'
[0.674s] Level 5:colcon.colcon_core.verb:set package 'cstar_planner' build argument 'cmake_clean_cache' from command line to 'False'
[0.674s] Level 5:colcon.colcon_core.verb:set package 'cstar_planner' build argument 'cmake_clean_first' from command line to 'False'
[0.674s] Level 5:colcon.colcon_core.verb:set package 'cstar_planner' build argument 'cmake_force_configure' from command line to 'False'
[0.674s] Level 5:colcon.colcon_core.verb:set package 'cstar_planner' build argument 'ament_cmake_args' from command line to 'None'
[0.674s] Level 5:colcon.colcon_core.verb:set package 'cstar_planner' build argument 'catkin_cmake_args' from command line to 'None'
[0.674s] Level 5:colcon.colcon_core.verb:set package 'cstar_planner' build argument 'catkin_skip_building_tests' from command line to 'False'
[0.674s] DEBUG:colcon.colcon_core.verb:Building package 'cstar_planner' with the following arguments: {'ament_cmake_args': None, 'build_base': '/home/admin/yahboomcar_cstar/build/cstar_planner', 'catkin_cmake_args': None, 'catkin_skip_building_tests': False, 'cmake_args': None, 'cmake_clean_cache': False, 'cmake_clean_first': False, 'cmake_force_configure': False, 'cmake_target': None, 'cmake_target_skip_unavailable': False, 'install_base': '/home/admin/yahboomcar_cstar/install/cstar_planner', 'merge_install': False, 'path': '/home/admin/yahboomcar_cstar/src/cstar_planner', 'symlink_install': True, 'test_result_base': None}
[0.674s] INFO:colcon.colcon_core.executor:Executing jobs using 'parallel' executor
[0.675s] DEBUG:colcon.colcon_parallel_executor.executor.parallel:run_until_complete
[0.675s] INFO:colcon.colcon_ros.task.ament_python.build:Building ROS package in '/home/admin/yahboomcar_cstar/src/cstar_planner' with build type 'ament_python'
[0.675s] Level 1:colcon.colcon_core.shell:create_environment_hook('cstar_planner', 'ament_prefix_path')
[0.681s] INFO:colcon.colcon_core.plugin_system:Skipping extension 'colcon_core.shell.bat': Not used on non-Windows systems
[0.681s] INFO:colcon.colcon_core.shell:Creating environment hook '/home/admin/yahboomcar_cstar/install/cstar_planner/share/cstar_planner/hook/ament_prefix_path.ps1'
[0.682s] INFO:colcon.colcon_core.shell:Creating environment descriptor '/home/admin/yahboomcar_cstar/install/cstar_planner/share/cstar_planner/hook/ament_prefix_path.dsv'
[0.683s] INFO:colcon.colcon_core.shell:Creating environment hook '/home/admin/yahboomcar_cstar/install/cstar_planner/share/cstar_planner/hook/ament_prefix_path.sh'
[0.683s] INFO:colcon.colcon_core.shell:Skip shell extension 'powershell' for command environment: Not usable outside of PowerShell
[0.683s] DEBUG:colcon.colcon_core.shell:Skip shell extension 'dsv' for command environment
[0.922s] INFO:colcon.colcon_core.task.python.build:Building Python package in '/home/admin/yahboomcar_cstar/src/cstar_planner'
[0.923s] INFO:colcon.colcon_core.shell:Skip shell extension 'powershell' for command environment: Not usable outside of PowerShell
[0.923s] DEBUG:colcon.colcon_core.shell:Skip shell extension 'dsv' for command environment
[1.424s] DEBUG:colcon.colcon_core.event_handler.log_command:Invoking command in '/home/admin/yahboomcar_cstar/build/cstar_planner': PYTHONPATH=/home/admin/yahboomcar_cstar/build/cstar_planner/prefix_override:/usr/lib/python3/dist-packages/colcon_core/task/python/colcon_distutils_commands:/home/admin/yahboomcar_cstar/install/cstar_planner/lib/python3.10/site-packages:${PYTHONPATH} /usr/bin/python3 -W ignore:setup.py install is deprecated -W ignore:easy_install command is deprecated setup.py develop --editable --build-directory /home/admin/yahboomcar_cstar/build/cstar_planner/build --no-deps symlink_data
[1.834s] Level 1:colcon.colcon_core.shell:create_environment_hook('cstar_planner', 'pythonpath_develop')
[1.835s] INFO:colcon.colcon_core.shell:Creating environment hook '/home/admin/yahboomcar_cstar/build/cstar_planner/share/cstar_planner/hook/pythonpath_develop.ps1'
[1.835s] DEBUG:colcon.colcon_core.event_handler.log_command:Invoked command in '/home/admin/yahboomcar_cstar/build/cstar_planner' returned '0': PYTHONPATH=/home/admin/yahboomcar_cstar/build/cstar_planner/prefix_override:/usr/lib/python3/dist-packages/colcon_core/task/python/colcon_distutils_commands:/home/admin/yahboomcar_cstar/install/cstar_planner/lib/python3.10/site-packages:${PYTHONPATH} /usr/bin/python3 -W ignore:setup.py install is deprecated -W ignore:easy_install command is deprecated setup.py develop --editable --build-directory /home/admin/yahboomcar_cstar/build/cstar_planner/build --no-deps symlink_data
[1.836s] INFO:colcon.colcon_core.shell:Creating environment descriptor '/home/admin/yahboomcar_cstar/build/cstar_planner/share/cstar_planner/hook/pythonpath_develop.dsv'
[1.836s] INFO:colcon.colcon_core.shell:Creating environment hook '/home/admin/yahboomcar_cstar/build/cstar_planner/share/cstar_planner/hook/pythonpath_develop.sh'
[1.844s] Level 1:colcon.colcon_core.environment:checking '/home/admin/yahboomcar_cstar/install/cstar_planner' for CMake module files
[1.844s] Level 1:colcon.colcon_core.environment:checking '/home/admin/yahboomcar_cstar/install/cstar_planner' for CMake config files
[1.845s] Level 1:colcon.colcon_core.environment:checking '/home/admin/yahboomcar_cstar/install/cstar_planner/lib'
[1.845s] Level 1:colcon.colcon_core.environment:checking '/home/admin/yahboomcar_cstar/install/cstar_planner/bin'
[1.845s] Level 1:colcon.colcon_core.environment:checking '/home/admin/yahboomcar_cstar/install/cstar_planner/lib/pkgconfig/cstar_planner.pc'
[1.845s] Level 1:colcon.colcon_core.environment:checking '/home/admin/yahboomcar_cstar/install/cstar_planner/lib/python3.10/site-packages'
[1.845s] Level 1:colcon.colcon_core.shell:create_environment_hook('cstar_planner', 'pythonpath')
[1.845s] INFO:colcon.colcon_core.shell:Creating environment hook '/home/admin/yahboomcar_cstar/install/cstar_planner/share/cstar_planner/hook/pythonpath.ps1'
[1.845s] INFO:colcon.colcon_core.shell:Creating environment descriptor '/home/admin/yahboomcar_cstar/install/cstar_planner/share/cstar_planner/hook/pythonpath.dsv'
[1.846s] INFO:colcon.colcon_core.shell:Creating environment hook '/home/admin/yahboomcar_cstar/install/cstar_planner/share/cstar_planner/hook/pythonpath.sh'
[1.846s] Level 1:colcon.colcon_core.environment:checking '/home/admin/yahboomcar_cstar/install/cstar_planner/bin'
[1.846s] Level 1:colcon.colcon_core.environment:create_environment_scripts_only(cstar_planner)
[1.847s] INFO:colcon.colcon_core.shell:Creating package script '/home/admin/yahboomcar_cstar/install/cstar_planner/share/cstar_planner/package.ps1'
[1.848s] INFO:colcon.colcon_core.shell:Creating package descriptor '/home/admin/yahboomcar_cstar/install/cstar_planner/share/cstar_planner/package.dsv'
[1.848s] INFO:colcon.colcon_core.shell:Creating package script '/home/admin/yahboomcar_cstar/install/cstar_planner/share/cstar_planner/package.sh'
[1.849s] INFO:colcon.colcon_core.shell:Creating package script '/home/admin/yahboomcar_cstar/install/cstar_planner/share/cstar_planner/package.bash'
[1.850s] INFO:colcon.colcon_core.shell:Creating package script '/home/admin/yahboomcar_cstar/install/cstar_planner/share/cstar_planner/package.zsh'
[1.851s] Level 1:colcon.colcon_core.environment:create_file_with_runtime_dependencies(/home/admin/yahboomcar_cstar/install/cstar_planner/share/colcon-core/packages/cstar_planner)
[1.852s] DEBUG:colcon.colcon_parallel_executor.executor.parallel:closing loop
[1.852s] DEBUG:colcon.colcon_parallel_executor.executor.parallel:loop closed
[1.852s] DEBUG:colcon.colcon_parallel_executor.executor.parallel:run_until_complete finished with '0'
[1.852s] DEBUG:colcon.colcon_core.event_reactor:joining thread
[1.859s] INFO:colcon.colcon_core.plugin_system:Skipping extension 'colcon_notification.desktop_notification.terminal_notifier': Not used on non-Darwin systems
[1.859s] INFO:colcon.colcon_core.plugin_system:Skipping extension 'colcon_notification.desktop_notification.win32': Not used on non-Windows systems
[1.859s] INFO:colcon.colcon_notification.desktop_notification:Sending desktop notification using 'notify2'
[1.879s] DEBUG:colcon.colcon_core.event_reactor:joined thread
[1.879s] INFO:colcon.colcon_core.shell:Creating prefix script '/home/admin/yahboomcar_cstar/install/local_setup.ps1'
[1.880s] INFO:colcon.colcon_core.shell:Creating prefix util module '/home/admin/yahboomcar_cstar/install/_local_setup_util_ps1.py'
[1.881s] INFO:colcon.colcon_core.shell:Creating prefix chain script '/home/admin/yahboomcar_cstar/install/setup.ps1'
[1.884s] INFO:colcon.colcon_core.shell:Creating prefix script '/home/admin/yahboomcar_cstar/install/local_setup.sh'
[1.885s] INFO:colcon.colcon_core.shell:Creating prefix util module '/home/admin/yahboomcar_cstar/install/_local_setup_util_sh.py'
[1.885s] INFO:colcon.colcon_core.shell:Creating prefix chain script '/home/admin/yahboomcar_cstar/install/setup.sh'
[1.888s] INFO:colcon.colcon_core.shell:Creating prefix script '/home/admin/yahboomcar_cstar/install/local_setup.bash'
[1.888s] INFO:colcon.colcon_core.shell:Creating prefix chain script '/home/admin/yahboomcar_cstar/install/setup.bash'
[1.890s] INFO:colcon.colcon_core.shell:Creating prefix script '/home/admin/yahboomcar_cstar/install/local_setup.zsh'
[1.892s] INFO:colcon.colcon_core.shell:Creating prefix chain script '/home/admin/yahboomcar_cstar/install/setup.zsh'
