[0.146s] DEBUG:colcon:Command line arguments: ['/usr/bin/colcon', 'build', '--symlink-install']
[0.146s] DEBUG:colcon:Parsed command line arguments: Namespace(log_base=None, log_level=None, verb_name='build', build_base='build', install_base='install', merge_install=False, symlink_install=True, test_result_base=None, continue_on_error=False, executor='parallel', parallel_workers=32, event_handlers=None, ignore_user_meta=False, metas=['./colcon.meta'], base_paths=['.'], packages_ignore=None, packages_ignore_regex=None, paths=None, packages_up_to=None, packages_up_to_regex=None, packages_above=None, packages_above_and_dependencies=None, packages_above_depth=None, packages_select_by_dep=None, packages_skip_by_dep=None, packages_skip_up_to=None, packages_select_build_failed=False, packages_skip_build_finished=False, packages_select_test_failures=False, packages_skip_test_passed=False, packages_select=None, packages_skip=None, packages_select_regex=None, packages_skip_regex=None, packages_start=None, packages_end=None, allow_overriding=[], cmake_args=None, cmake_target=None, cmake_target_skip_unavailable=False, cmake_clean_cache=False, cmake_clean_first=False, cmake_force_configure=False, ament_cmake_args=None, catkin_cmake_args=None, catkin_skip_building_tests=False, verb_parser=<colcon_defaults.argument_parser.defaults.DefaultArgumentsDecorator object at 0x7fdb427725f0>, verb_extension=<colcon_core.verb.build.BuildVerb object at 0x7fdb42772050>, main=<bound method BuildVerb.main of <colcon_core.verb.build.BuildVerb object at 0x7fdb42772050>>)
[0.397s] Level 1:colcon.colcon_core.package_discovery:discover_packages(colcon_meta) check parameters
[0.397s] Level 1:colcon.colcon_core.package_discovery:discover_packages(recursive) check parameters
[0.397s] Level 1:colcon.colcon_core.package_discovery:discover_packages(ignore) check parameters
[0.397s] Level 1:colcon.colcon_core.package_discovery:discover_packages(path) check parameters
[0.397s] Level 1:colcon.colcon_core.package_discovery:discover_packages(colcon_meta) discover
[0.397s] Level 1:colcon.colcon_core.package_discovery:discover_packages(recursive) discover
[0.398s] INFO:colcon.colcon_core.package_discovery:Crawling recursively for packages in '/home/admin/yahboomcar_cstar'
[0.398s] Level 1:colcon.colcon_core.package_identification:_identify(.) by extensions ['ignore', 'ignore_ament_install']
[0.398s] Level 1:colcon.colcon_core.package_identification:_identify(.) by extension 'ignore'
[0.398s] Level 1:colcon.colcon_core.package_identification:_identify(.) by extension 'ignore_ament_install'
[0.398s] Level 1:colcon.colcon_core.package_identification:_identify(.) by extensions ['colcon_pkg']
[0.398s] Level 1:colcon.colcon_core.package_identification:_identify(.) by extension 'colcon_pkg'
[0.398s] Level 1:colcon.colcon_core.package_identification:_identify(.) by extensions ['colcon_meta']
[0.398s] Level 1:colcon.colcon_core.package_identification:_identify(.) by extension 'colcon_meta'
[0.398s] Level 1:colcon.colcon_core.package_identification:_identify(.) by extensions ['ros']
[0.398s] Level 1:colcon.colcon_core.package_identification:_identify(.) by extension 'ros'
[0.406s] Level 1:colcon.colcon_core.package_identification:_identify(.) by extensions ['cmake', 'python']
[0.406s] Level 1:colcon.colcon_core.package_identification:_identify(.) by extension 'cmake'
[0.406s] Level 1:colcon.colcon_core.package_identification:_identify(.) by extension 'python'
[0.406s] Level 1:colcon.colcon_core.package_identification:_identify(.) by extensions ['python_setup_py']
[0.406s] Level 1:colcon.colcon_core.package_identification:_identify(.) by extension 'python_setup_py'
[0.406s] Level 1:colcon.colcon_core.package_identification:_identify(build) by extensions ['ignore', 'ignore_ament_install']
[0.406s] Level 1:colcon.colcon_core.package_identification:_identify(build) by extension 'ignore'
[0.406s] Level 1:colcon.colcon_core.package_identification:_identify(build) ignored
[0.406s] Level 1:colcon.colcon_core.package_identification:_identify(install) by extensions ['ignore', 'ignore_ament_install']
[0.406s] Level 1:colcon.colcon_core.package_identification:_identify(install) by extension 'ignore'
[0.406s] Level 1:colcon.colcon_core.package_identification:_identify(install) ignored
[0.407s] Level 1:colcon.colcon_core.package_identification:_identify(log) by extensions ['ignore', 'ignore_ament_install']
[0.407s] Level 1:colcon.colcon_core.package_identification:_identify(log) by extension 'ignore'
[0.407s] Level 1:colcon.colcon_core.package_identification:_identify(log) ignored
[0.407s] Level 1:colcon.colcon_core.package_identification:_identify(src) by extensions ['ignore', 'ignore_ament_install']
[0.407s] Level 1:colcon.colcon_core.package_identification:_identify(src) by extension 'ignore'
[0.407s] Level 1:colcon.colcon_core.package_identification:_identify(src) by extension 'ignore_ament_install'
[0.407s] Level 1:colcon.colcon_core.package_identification:_identify(src) by extensions ['colcon_pkg']
[0.407s] Level 1:colcon.colcon_core.package_identification:_identify(src) by extension 'colcon_pkg'
[0.407s] Level 1:colcon.colcon_core.package_identification:_identify(src) by extensions ['colcon_meta']
[0.407s] Level 1:colcon.colcon_core.package_identification:_identify(src) by extension 'colcon_meta'
[0.407s] Level 1:colcon.colcon_core.package_identification:_identify(src) by extensions ['ros']
[0.407s] Level 1:colcon.colcon_core.package_identification:_identify(src) by extension 'ros'
[0.407s] Level 1:colcon.colcon_core.package_identification:_identify(src) by extensions ['cmake', 'python']
[0.407s] Level 1:colcon.colcon_core.package_identification:_identify(src) by extension 'cmake'
[0.407s] Level 1:colcon.colcon_core.package_identification:_identify(src) by extension 'python'
[0.407s] Level 1:colcon.colcon_core.package_identification:_identify(src) by extensions ['python_setup_py']
[0.407s] Level 1:colcon.colcon_core.package_identification:_identify(src) by extension 'python_setup_py'
[0.407s] Level 1:colcon.colcon_core.package_identification:_identify(src/cstar_bringup) by extensions ['ignore', 'ignore_ament_install']
[0.407s] Level 1:colcon.colcon_core.package_identification:_identify(src/cstar_bringup) by extension 'ignore'
[0.407s] Level 1:colcon.colcon_core.package_identification:_identify(src/cstar_bringup) by extension 'ignore_ament_install'
[0.407s] Level 1:colcon.colcon_core.package_identification:_identify(src/cstar_bringup) by extensions ['colcon_pkg']
[0.407s] Level 1:colcon.colcon_core.package_identification:_identify(src/cstar_bringup) by extension 'colcon_pkg'
[0.407s] Level 1:colcon.colcon_core.package_identification:_identify(src/cstar_bringup) by extensions ['colcon_meta']
[0.407s] Level 1:colcon.colcon_core.package_identification:_identify(src/cstar_bringup) by extension 'colcon_meta'
[0.407s] Level 1:colcon.colcon_core.package_identification:_identify(src/cstar_bringup) by extensions ['ros']
[0.407s] Level 1:colcon.colcon_core.package_identification:_identify(src/cstar_bringup) by extension 'ros'
[0.409s] DEBUG:colcon.colcon_core.package_identification:Package 'src/cstar_bringup' with type 'ros.ament_python' and name 'cstar_bringup'
[0.410s] Level 1:colcon.colcon_core.package_identification:_identify(src/cstar_controller) by extensions ['ignore', 'ignore_ament_install']
[0.410s] Level 1:colcon.colcon_core.package_identification:_identify(src/cstar_controller) by extension 'ignore'
[0.410s] Level 1:colcon.colcon_core.package_identification:_identify(src/cstar_controller) by extension 'ignore_ament_install'
[0.410s] Level 1:colcon.colcon_core.package_identification:_identify(src/cstar_controller) by extensions ['colcon_pkg']
[0.410s] Level 1:colcon.colcon_core.package_identification:_identify(src/cstar_controller) by extension 'colcon_pkg'
[0.410s] Level 1:colcon.colcon_core.package_identification:_identify(src/cstar_controller) by extensions ['colcon_meta']
[0.410s] Level 1:colcon.colcon_core.package_identification:_identify(src/cstar_controller) by extension 'colcon_meta'
[0.410s] Level 1:colcon.colcon_core.package_identification:_identify(src/cstar_controller) by extensions ['ros']
[0.410s] Level 1:colcon.colcon_core.package_identification:_identify(src/cstar_controller) by extension 'ros'
[0.410s] DEBUG:colcon.colcon_core.package_identification:Package 'src/cstar_controller' with type 'ros.ament_python' and name 'cstar_controller'
[0.411s] Level 1:colcon.colcon_core.package_identification:_identify(src/cstar_graph) by extensions ['ignore', 'ignore_ament_install']
[0.411s] Level 1:colcon.colcon_core.package_identification:_identify(src/cstar_graph) by extension 'ignore'
[0.411s] Level 1:colcon.colcon_core.package_identification:_identify(src/cstar_graph) by extension 'ignore_ament_install'
[0.411s] Level 1:colcon.colcon_core.package_identification:_identify(src/cstar_graph) by extensions ['colcon_pkg']
[0.411s] Level 1:colcon.colcon_core.package_identification:_identify(src/cstar_graph) by extension 'colcon_pkg'
[0.411s] Level 1:colcon.colcon_core.package_identification:_identify(src/cstar_graph) by extensions ['colcon_meta']
[0.411s] Level 1:colcon.colcon_core.package_identification:_identify(src/cstar_graph) by extension 'colcon_meta'
[0.411s] Level 1:colcon.colcon_core.package_identification:_identify(src/cstar_graph) by extensions ['ros']
[0.411s] Level 1:colcon.colcon_core.package_identification:_identify(src/cstar_graph) by extension 'ros'
[0.411s] DEBUG:colcon.colcon_core.package_identification:Package 'src/cstar_graph' with type 'ros.ament_python' and name 'cstar_graph'
[0.411s] Level 1:colcon.colcon_core.package_identification:_identify(src/cstar_mapping) by extensions ['ignore', 'ignore_ament_install']
[0.411s] Level 1:colcon.colcon_core.package_identification:_identify(src/cstar_mapping) by extension 'ignore'
[0.412s] Level 1:colcon.colcon_core.package_identification:_identify(src/cstar_mapping) by extension 'ignore_ament_install'
[0.412s] Level 1:colcon.colcon_core.package_identification:_identify(src/cstar_mapping) by extensions ['colcon_pkg']
[0.412s] Level 1:colcon.colcon_core.package_identification:_identify(src/cstar_mapping) by extension 'colcon_pkg'
[0.412s] Level 1:colcon.colcon_core.package_identification:_identify(src/cstar_mapping) by extensions ['colcon_meta']
[0.412s] Level 1:colcon.colcon_core.package_identification:_identify(src/cstar_mapping) by extension 'colcon_meta'
[0.412s] Level 1:colcon.colcon_core.package_identification:_identify(src/cstar_mapping) by extensions ['ros']
[0.412s] Level 1:colcon.colcon_core.package_identification:_identify(src/cstar_mapping) by extension 'ros'
[0.412s] DEBUG:colcon.colcon_core.package_identification:Package 'src/cstar_mapping' with type 'ros.ament_python' and name 'cstar_mapping'
[0.412s] Level 1:colcon.colcon_core.package_identification:_identify(src/cstar_metrics) by extensions ['ignore', 'ignore_ament_install']
[0.412s] Level 1:colcon.colcon_core.package_identification:_identify(src/cstar_metrics) by extension 'ignore'
[0.412s] Level 1:colcon.colcon_core.package_identification:_identify(src/cstar_metrics) by extension 'ignore_ament_install'
[0.412s] Level 1:colcon.colcon_core.package_identification:_identify(src/cstar_metrics) by extensions ['colcon_pkg']
[0.413s] Level 1:colcon.colcon_core.package_identification:_identify(src/cstar_metrics) by extension 'colcon_pkg'
[0.413s] Level 1:colcon.colcon_core.package_identification:_identify(src/cstar_metrics) by extensions ['colcon_meta']
[0.413s] Level 1:colcon.colcon_core.package_identification:_identify(src/cstar_metrics) by extension 'colcon_meta'
[0.413s] Level 1:colcon.colcon_core.package_identification:_identify(src/cstar_metrics) by extensions ['ros']
[0.413s] Level 1:colcon.colcon_core.package_identification:_identify(src/cstar_metrics) by extension 'ros'
[0.413s] DEBUG:colcon.colcon_core.package_identification:Package 'src/cstar_metrics' with type 'ros.ament_python' and name 'cstar_metrics'
[0.413s] Level 1:colcon.colcon_core.package_identification:_identify(src/cstar_planner) by extensions ['ignore', 'ignore_ament_install']
[0.413s] Level 1:colcon.colcon_core.package_identification:_identify(src/cstar_planner) by extension 'ignore'
[0.413s] Level 1:colcon.colcon_core.package_identification:_identify(src/cstar_planner) by extension 'ignore_ament_install'
[0.413s] Level 1:colcon.colcon_core.package_identification:_identify(src/cstar_planner) by extensions ['colcon_pkg']
[0.413s] Level 1:colcon.colcon_core.package_identification:_identify(src/cstar_planner) by extension 'colcon_pkg'
[0.413s] Level 1:colcon.colcon_core.package_identification:_identify(src/cstar_planner) by extensions ['colcon_meta']
[0.413s] Level 1:colcon.colcon_core.package_identification:_identify(src/cstar_planner) by extension 'colcon_meta'
[0.413s] Level 1:colcon.colcon_core.package_identification:_identify(src/cstar_planner) by extensions ['ros']
[0.413s] Level 1:colcon.colcon_core.package_identification:_identify(src/cstar_planner) by extension 'ros'
[0.414s] DEBUG:colcon.colcon_core.package_identification:Package 'src/cstar_planner' with type 'ros.ament_python' and name 'cstar_planner'
[0.414s] Level 1:colcon.colcon_core.package_discovery:discover_packages(recursive) using defaults
[0.414s] Level 1:colcon.colcon_core.package_discovery:discover_packages(ignore) discover
[0.414s] Level 1:colcon.colcon_core.package_discovery:discover_packages(ignore) using defaults
[0.414s] Level 1:colcon.colcon_core.package_discovery:discover_packages(path) discover
[0.414s] Level 1:colcon.colcon_core.package_discovery:discover_packages(path) using defaults
[0.444s] Level 1:colcon.colcon_core.package_discovery:discover_packages(prefix_path) check parameters
[0.444s] Level 1:colcon.colcon_core.package_discovery:discover_packages(prefix_path) discover
[0.450s] DEBUG:colcon.colcon_installed_package_information.package_discovery:Found 21 installed packages in /home/admin/ws/yahboomcar_ros2_ws/yahboomcar_ws/install
[0.450s] DEBUG:colcon.colcon_installed_package_information.package_discovery:Found 17 installed packages in /home/admin/pb_rm_simulation/install
[0.451s] DEBUG:colcon.colcon_installed_package_information.package_discovery:Found 5 installed packages in /home/admin/c_star_ws/install
[0.452s] DEBUG:colcon.colcon_installed_package_information.package_discovery:Found 383 installed packages in /opt/ros/humble
[0.453s] Level 1:colcon.colcon_core.package_discovery:discover_packages(prefix_path) using defaults
[0.505s] Level 5:colcon.colcon_core.verb:set package 'cstar_bringup' build argument 'cmake_args' from command line to 'None'
[0.505s] Level 5:colcon.colcon_core.verb:set package 'cstar_bringup' build argument 'cmake_target' from command line to 'None'
[0.505s] Level 5:colcon.colcon_core.verb:set package 'cstar_bringup' build argument 'cmake_target_skip_unavailable' from command line to 'False'
[0.505s] Level 5:colcon.colcon_core.verb:set package 'cstar_bringup' build argument 'cmake_clean_cache' from command line to 'False'
[0.505s] Level 5:colcon.colcon_core.verb:set package 'cstar_bringup' build argument 'cmake_clean_first' from command line to 'False'
[0.505s] Level 5:colcon.colcon_core.verb:set package 'cstar_bringup' build argument 'cmake_force_configure' from command line to 'False'
[0.505s] Level 5:colcon.colcon_core.verb:set package 'cstar_bringup' build argument 'ament_cmake_args' from command line to 'None'
[0.505s] Level 5:colcon.colcon_core.verb:set package 'cstar_bringup' build argument 'catkin_cmake_args' from command line to 'None'
[0.505s] Level 5:colcon.colcon_core.verb:set package 'cstar_bringup' build argument 'catkin_skip_building_tests' from command line to 'False'
[0.505s] DEBUG:colcon.colcon_core.verb:Building package 'cstar_bringup' with the following arguments: {'ament_cmake_args': None, 'build_base': '/home/admin/yahboomcar_cstar/build/cstar_bringup', 'catkin_cmake_args': None, 'catkin_skip_building_tests': False, 'cmake_args': None, 'cmake_clean_cache': False, 'cmake_clean_first': False, 'cmake_force_configure': False, 'cmake_target': None, 'cmake_target_skip_unavailable': False, 'install_base': '/home/admin/yahboomcar_cstar/install/cstar_bringup', 'merge_install': False, 'path': '/home/admin/yahboomcar_cstar/src/cstar_bringup', 'symlink_install': True, 'test_result_base': None}
[0.505s] Level 5:colcon.colcon_core.verb:set package 'cstar_controller' build argument 'cmake_args' from command line to 'None'
[0.505s] Level 5:colcon.colcon_core.verb:set package 'cstar_controller' build argument 'cmake_target' from command line to 'None'
[0.505s] Level 5:colcon.colcon_core.verb:set package 'cstar_controller' build argument 'cmake_target_skip_unavailable' from command line to 'False'
[0.505s] Level 5:colcon.colcon_core.verb:set package 'cstar_controller' build argument 'cmake_clean_cache' from command line to 'False'
[0.505s] Level 5:colcon.colcon_core.verb:set package 'cstar_controller' build argument 'cmake_clean_first' from command line to 'False'
[0.505s] Level 5:colcon.colcon_core.verb:set package 'cstar_controller' build argument 'cmake_force_configure' from command line to 'False'
[0.505s] Level 5:colcon.colcon_core.verb:set package 'cstar_controller' build argument 'ament_cmake_args' from command line to 'None'
[0.505s] Level 5:colcon.colcon_core.verb:set package 'cstar_controller' build argument 'catkin_cmake_args' from command line to 'None'
[0.505s] Level 5:colcon.colcon_core.verb:set package 'cstar_controller' build argument 'catkin_skip_building_tests' from command line to 'False'
[0.505s] DEBUG:colcon.colcon_core.verb:Building package 'cstar_controller' with the following arguments: {'ament_cmake_args': None, 'build_base': '/home/admin/yahboomcar_cstar/build/cstar_controller', 'catkin_cmake_args': None, 'catkin_skip_building_tests': False, 'cmake_args': None, 'cmake_clean_cache': False, 'cmake_clean_first': False, 'cmake_force_configure': False, 'cmake_target': None, 'cmake_target_skip_unavailable': False, 'install_base': '/home/admin/yahboomcar_cstar/install/cstar_controller', 'merge_install': False, 'path': '/home/admin/yahboomcar_cstar/src/cstar_controller', 'symlink_install': True, 'test_result_base': None}
[0.505s] Level 5:colcon.colcon_core.verb:set package 'cstar_graph' build argument 'cmake_args' from command line to 'None'
[0.505s] Level 5:colcon.colcon_core.verb:set package 'cstar_graph' build argument 'cmake_target' from command line to 'None'
[0.505s] Level 5:colcon.colcon_core.verb:set package 'cstar_graph' build argument 'cmake_target_skip_unavailable' from command line to 'False'
[0.505s] Level 5:colcon.colcon_core.verb:set package 'cstar_graph' build argument 'cmake_clean_cache' from command line to 'False'
[0.505s] Level 5:colcon.colcon_core.verb:set package 'cstar_graph' build argument 'cmake_clean_first' from command line to 'False'
[0.505s] Level 5:colcon.colcon_core.verb:set package 'cstar_graph' build argument 'cmake_force_configure' from command line to 'False'
[0.505s] Level 5:colcon.colcon_core.verb:set package 'cstar_graph' build argument 'ament_cmake_args' from command line to 'None'
[0.505s] Level 5:colcon.colcon_core.verb:set package 'cstar_graph' build argument 'catkin_cmake_args' from command line to 'None'
[0.505s] Level 5:colcon.colcon_core.verb:set package 'cstar_graph' build argument 'catkin_skip_building_tests' from command line to 'False'
[0.505s] DEBUG:colcon.colcon_core.verb:Building package 'cstar_graph' with the following arguments: {'ament_cmake_args': None, 'build_base': '/home/admin/yahboomcar_cstar/build/cstar_graph', 'catkin_cmake_args': None, 'catkin_skip_building_tests': False, 'cmake_args': None, 'cmake_clean_cache': False, 'cmake_clean_first': False, 'cmake_force_configure': False, 'cmake_target': None, 'cmake_target_skip_unavailable': False, 'install_base': '/home/admin/yahboomcar_cstar/install/cstar_graph', 'merge_install': False, 'path': '/home/admin/yahboomcar_cstar/src/cstar_graph', 'symlink_install': True, 'test_result_base': None}
[0.506s] Level 5:colcon.colcon_core.verb:set package 'cstar_mapping' build argument 'cmake_args' from command line to 'None'
[0.506s] Level 5:colcon.colcon_core.verb:set package 'cstar_mapping' build argument 'cmake_target' from command line to 'None'
[0.506s] Level 5:colcon.colcon_core.verb:set package 'cstar_mapping' build argument 'cmake_target_skip_unavailable' from command line to 'False'
[0.506s] Level 5:colcon.colcon_core.verb:set package 'cstar_mapping' build argument 'cmake_clean_cache' from command line to 'False'
[0.506s] Level 5:colcon.colcon_core.verb:set package 'cstar_mapping' build argument 'cmake_clean_first' from command line to 'False'
[0.506s] Level 5:colcon.colcon_core.verb:set package 'cstar_mapping' build argument 'cmake_force_configure' from command line to 'False'
[0.506s] Level 5:colcon.colcon_core.verb:set package 'cstar_mapping' build argument 'ament_cmake_args' from command line to 'None'
[0.506s] Level 5:colcon.colcon_core.verb:set package 'cstar_mapping' build argument 'catkin_cmake_args' from command line to 'None'
[0.506s] Level 5:colcon.colcon_core.verb:set package 'cstar_mapping' build argument 'catkin_skip_building_tests' from command line to 'False'
[0.506s] DEBUG:colcon.colcon_core.verb:Building package 'cstar_mapping' with the following arguments: {'ament_cmake_args': None, 'build_base': '/home/admin/yahboomcar_cstar/build/cstar_mapping', 'catkin_cmake_args': None, 'catkin_skip_building_tests': False, 'cmake_args': None, 'cmake_clean_cache': False, 'cmake_clean_first': False, 'cmake_force_configure': False, 'cmake_target': None, 'cmake_target_skip_unavailable': False, 'install_base': '/home/admin/yahboomcar_cstar/install/cstar_mapping', 'merge_install': False, 'path': '/home/admin/yahboomcar_cstar/src/cstar_mapping', 'symlink_install': True, 'test_result_base': None}
[0.506s] Level 5:colcon.colcon_core.verb:set package 'cstar_metrics' build argument 'cmake_args' from command line to 'None'
[0.506s] Level 5:colcon.colcon_core.verb:set package 'cstar_metrics' build argument 'cmake_target' from command line to 'None'
[0.506s] Level 5:colcon.colcon_core.verb:set package 'cstar_metrics' build argument 'cmake_target_skip_unavailable' from command line to 'False'
[0.506s] Level 5:colcon.colcon_core.verb:set package 'cstar_metrics' build argument 'cmake_clean_cache' from command line to 'False'
[0.506s] Level 5:colcon.colcon_core.verb:set package 'cstar_metrics' build argument 'cmake_clean_first' from command line to 'False'
[0.506s] Level 5:colcon.colcon_core.verb:set package 'cstar_metrics' build argument 'cmake_force_configure' from command line to 'False'
[0.506s] Level 5:colcon.colcon_core.verb:set package 'cstar_metrics' build argument 'ament_cmake_args' from command line to 'None'
[0.506s] Level 5:colcon.colcon_core.verb:set package 'cstar_metrics' build argument 'catkin_cmake_args' from command line to 'None'
[0.506s] Level 5:colcon.colcon_core.verb:set package 'cstar_metrics' build argument 'catkin_skip_building_tests' from command line to 'False'
[0.506s] DEBUG:colcon.colcon_core.verb:Building package 'cstar_metrics' with the following arguments: {'ament_cmake_args': None, 'build_base': '/home/admin/yahboomcar_cstar/build/cstar_metrics', 'catkin_cmake_args': None, 'catkin_skip_building_tests': False, 'cmake_args': None, 'cmake_clean_cache': False, 'cmake_clean_first': False, 'cmake_force_configure': False, 'cmake_target': None, 'cmake_target_skip_unavailable': False, 'install_base': '/home/admin/yahboomcar_cstar/install/cstar_metrics', 'merge_install': False, 'path': '/home/admin/yahboomcar_cstar/src/cstar_metrics', 'symlink_install': True, 'test_result_base': None}
[0.506s] Level 5:colcon.colcon_core.verb:set package 'cstar_planner' build argument 'cmake_args' from command line to 'None'
[0.506s] Level 5:colcon.colcon_core.verb:set package 'cstar_planner' build argument 'cmake_target' from command line to 'None'
[0.506s] Level 5:colcon.colcon_core.verb:set package 'cstar_planner' build argument 'cmake_target_skip_unavailable' from command line to 'False'
[0.506s] Level 5:colcon.colcon_core.verb:set package 'cstar_planner' build argument 'cmake_clean_cache' from command line to 'False'
[0.506s] Level 5:colcon.colcon_core.verb:set package 'cstar_planner' build argument 'cmake_clean_first' from command line to 'False'
[0.506s] Level 5:colcon.colcon_core.verb:set package 'cstar_planner' build argument 'cmake_force_configure' from command line to 'False'
[0.507s] Level 5:colcon.colcon_core.verb:set package 'cstar_planner' build argument 'ament_cmake_args' from command line to 'None'
[0.507s] Level 5:colcon.colcon_core.verb:set package 'cstar_planner' build argument 'catkin_cmake_args' from command line to 'None'
[0.507s] Level 5:colcon.colcon_core.verb:set package 'cstar_planner' build argument 'catkin_skip_building_tests' from command line to 'False'
[0.507s] DEBUG:colcon.colcon_core.verb:Building package 'cstar_planner' with the following arguments: {'ament_cmake_args': None, 'build_base': '/home/admin/yahboomcar_cstar/build/cstar_planner', 'catkin_cmake_args': None, 'catkin_skip_building_tests': False, 'cmake_args': None, 'cmake_clean_cache': False, 'cmake_clean_first': False, 'cmake_force_configure': False, 'cmake_target': None, 'cmake_target_skip_unavailable': False, 'install_base': '/home/admin/yahboomcar_cstar/install/cstar_planner', 'merge_install': False, 'path': '/home/admin/yahboomcar_cstar/src/cstar_planner', 'symlink_install': True, 'test_result_base': None}
[0.507s] INFO:colcon.colcon_core.executor:Executing jobs using 'parallel' executor
[0.508s] DEBUG:colcon.colcon_parallel_executor.executor.parallel:run_until_complete
[0.508s] INFO:colcon.colcon_ros.task.ament_python.build:Building ROS package in '/home/admin/yahboomcar_cstar/src/cstar_bringup' with build type 'ament_python'
[0.508s] Level 1:colcon.colcon_core.shell:create_environment_hook('cstar_bringup', 'ament_prefix_path')
[0.514s] INFO:colcon.colcon_core.plugin_system:Skipping extension 'colcon_core.shell.bat': Not used on non-Windows systems
[0.514s] INFO:colcon.colcon_core.shell:Creating environment hook '/home/admin/yahboomcar_cstar/install/cstar_bringup/share/cstar_bringup/hook/ament_prefix_path.ps1'
[0.515s] INFO:colcon.colcon_core.shell:Creating environment descriptor '/home/admin/yahboomcar_cstar/install/cstar_bringup/share/cstar_bringup/hook/ament_prefix_path.dsv'
[0.516s] INFO:colcon.colcon_core.shell:Creating environment hook '/home/admin/yahboomcar_cstar/install/cstar_bringup/share/cstar_bringup/hook/ament_prefix_path.sh'
[0.516s] INFO:colcon.colcon_core.shell:Skip shell extension 'powershell' for command environment: Not usable outside of PowerShell
[0.516s] DEBUG:colcon.colcon_core.shell:Skip shell extension 'dsv' for command environment
[0.522s] INFO:colcon.colcon_ros.task.ament_python.build:Building ROS package in '/home/admin/yahboomcar_cstar/src/cstar_controller' with build type 'ament_python'
[0.522s] Level 1:colcon.colcon_core.shell:create_environment_hook('cstar_controller', 'ament_prefix_path')
[0.522s] INFO:colcon.colcon_core.shell:Creating environment hook '/home/admin/yahboomcar_cstar/install/cstar_controller/share/cstar_controller/hook/ament_prefix_path.ps1'
[0.523s] INFO:colcon.colcon_core.shell:Creating environment descriptor '/home/admin/yahboomcar_cstar/install/cstar_controller/share/cstar_controller/hook/ament_prefix_path.dsv'
[0.523s] INFO:colcon.colcon_core.shell:Creating environment hook '/home/admin/yahboomcar_cstar/install/cstar_controller/share/cstar_controller/hook/ament_prefix_path.sh'
[0.523s] INFO:colcon.colcon_core.shell:Skip shell extension 'powershell' for command environment: Not usable outside of PowerShell
[0.523s] DEBUG:colcon.colcon_core.shell:Skip shell extension 'dsv' for command environment
[0.528s] INFO:colcon.colcon_ros.task.ament_python.build:Building ROS package in '/home/admin/yahboomcar_cstar/src/cstar_graph' with build type 'ament_python'
[0.529s] Level 1:colcon.colcon_core.shell:create_environment_hook('cstar_graph', 'ament_prefix_path')
[0.529s] INFO:colcon.colcon_core.shell:Creating environment hook '/home/admin/yahboomcar_cstar/install/cstar_graph/share/cstar_graph/hook/ament_prefix_path.ps1'
[0.529s] INFO:colcon.colcon_core.shell:Creating environment descriptor '/home/admin/yahboomcar_cstar/install/cstar_graph/share/cstar_graph/hook/ament_prefix_path.dsv'
[0.529s] INFO:colcon.colcon_core.shell:Creating environment hook '/home/admin/yahboomcar_cstar/install/cstar_graph/share/cstar_graph/hook/ament_prefix_path.sh'
[0.530s] INFO:colcon.colcon_core.shell:Skip shell extension 'powershell' for command environment: Not usable outside of PowerShell
[0.530s] DEBUG:colcon.colcon_core.shell:Skip shell extension 'dsv' for command environment
[0.535s] INFO:colcon.colcon_ros.task.ament_python.build:Building ROS package in '/home/admin/yahboomcar_cstar/src/cstar_mapping' with build type 'ament_python'
[0.535s] Level 1:colcon.colcon_core.shell:create_environment_hook('cstar_mapping', 'ament_prefix_path')
[0.535s] INFO:colcon.colcon_core.shell:Creating environment hook '/home/admin/yahboomcar_cstar/install/cstar_mapping/share/cstar_mapping/hook/ament_prefix_path.ps1'
[0.536s] INFO:colcon.colcon_core.shell:Creating environment descriptor '/home/admin/yahboomcar_cstar/install/cstar_mapping/share/cstar_mapping/hook/ament_prefix_path.dsv'
[0.536s] INFO:colcon.colcon_core.shell:Creating environment hook '/home/admin/yahboomcar_cstar/install/cstar_mapping/share/cstar_mapping/hook/ament_prefix_path.sh'
[0.536s] INFO:colcon.colcon_core.shell:Skip shell extension 'powershell' for command environment: Not usable outside of PowerShell
[0.536s] DEBUG:colcon.colcon_core.shell:Skip shell extension 'dsv' for command environment
[0.541s] INFO:colcon.colcon_ros.task.ament_python.build:Building ROS package in '/home/admin/yahboomcar_cstar/src/cstar_metrics' with build type 'ament_python'
[0.541s] Level 1:colcon.colcon_core.shell:create_environment_hook('cstar_metrics', 'ament_prefix_path')
[0.542s] INFO:colcon.colcon_core.shell:Creating environment hook '/home/admin/yahboomcar_cstar/install/cstar_metrics/share/cstar_metrics/hook/ament_prefix_path.ps1'
[0.542s] INFO:colcon.colcon_core.shell:Creating environment descriptor '/home/admin/yahboomcar_cstar/install/cstar_metrics/share/cstar_metrics/hook/ament_prefix_path.dsv'
[0.542s] INFO:colcon.colcon_core.shell:Creating environment hook '/home/admin/yahboomcar_cstar/install/cstar_metrics/share/cstar_metrics/hook/ament_prefix_path.sh'
[0.543s] INFO:colcon.colcon_core.shell:Skip shell extension 'powershell' for command environment: Not usable outside of PowerShell
[0.543s] DEBUG:colcon.colcon_core.shell:Skip shell extension 'dsv' for command environment
[0.548s] INFO:colcon.colcon_ros.task.ament_python.build:Building ROS package in '/home/admin/yahboomcar_cstar/src/cstar_planner' with build type 'ament_python'
[0.548s] Level 1:colcon.colcon_core.shell:create_environment_hook('cstar_planner', 'ament_prefix_path')
[0.548s] INFO:colcon.colcon_core.shell:Creating environment hook '/home/admin/yahboomcar_cstar/install/cstar_planner/share/cstar_planner/hook/ament_prefix_path.ps1'
[0.548s] INFO:colcon.colcon_core.shell:Creating environment descriptor '/home/admin/yahboomcar_cstar/install/cstar_planner/share/cstar_planner/hook/ament_prefix_path.dsv'
[0.549s] INFO:colcon.colcon_core.shell:Creating environment hook '/home/admin/yahboomcar_cstar/install/cstar_planner/share/cstar_planner/hook/ament_prefix_path.sh'
[0.549s] INFO:colcon.colcon_core.shell:Skip shell extension 'powershell' for command environment: Not usable outside of PowerShell
[0.549s] DEBUG:colcon.colcon_core.shell:Skip shell extension 'dsv' for command environment
[0.770s] INFO:colcon.colcon_core.task.python.build:Building Python package in '/home/admin/yahboomcar_cstar/src/cstar_bringup'
[0.770s] INFO:colcon.colcon_core.shell:Skip shell extension 'powershell' for command environment: Not usable outside of PowerShell
[0.770s] DEBUG:colcon.colcon_core.shell:Skip shell extension 'dsv' for command environment
[0.987s] INFO:colcon.colcon_core.task.python.build:Building Python package in '/home/admin/yahboomcar_cstar/src/cstar_controller'
[0.987s] INFO:colcon.colcon_core.shell:Skip shell extension 'powershell' for command environment: Not usable outside of PowerShell
[0.987s] DEBUG:colcon.colcon_core.shell:Skip shell extension 'dsv' for command environment
[1.203s] INFO:colcon.colcon_core.task.python.build:Building Python package in '/home/admin/yahboomcar_cstar/src/cstar_graph'
[1.203s] INFO:colcon.colcon_core.shell:Skip shell extension 'powershell' for command environment: Not usable outside of PowerShell
[1.203s] DEBUG:colcon.colcon_core.shell:Skip shell extension 'dsv' for command environment
[1.421s] INFO:colcon.colcon_core.task.python.build:Building Python package in '/home/admin/yahboomcar_cstar/src/cstar_mapping'
[1.421s] INFO:colcon.colcon_core.shell:Skip shell extension 'powershell' for command environment: Not usable outside of PowerShell
[1.421s] DEBUG:colcon.colcon_core.shell:Skip shell extension 'dsv' for command environment
[1.644s] INFO:colcon.colcon_core.task.python.build:Building Python package in '/home/admin/yahboomcar_cstar/src/cstar_metrics'
[1.644s] INFO:colcon.colcon_core.shell:Skip shell extension 'powershell' for command environment: Not usable outside of PowerShell
[1.645s] DEBUG:colcon.colcon_core.shell:Skip shell extension 'dsv' for command environment
[1.868s] INFO:colcon.colcon_core.task.python.build:Building Python package in '/home/admin/yahboomcar_cstar/src/cstar_planner'
[1.868s] INFO:colcon.colcon_core.shell:Skip shell extension 'powershell' for command environment: Not usable outside of PowerShell
[1.868s] DEBUG:colcon.colcon_core.shell:Skip shell extension 'dsv' for command environment
[2.315s] DEBUG:colcon.colcon_core.event_handler.log_command:Invoking command in '/home/admin/yahboomcar_cstar/build/cstar_controller': PYTHONPATH=/home/admin/yahboomcar_cstar/build/cstar_controller/prefix_override:/usr/lib/python3/dist-packages/colcon_core/task/python/colcon_distutils_commands:/home/admin/yahboomcar_cstar/install/cstar_controller/lib/python3.10/site-packages:${PYTHONPATH} /usr/bin/python3 -W ignore:setup.py install is deprecated -W ignore:easy_install command is deprecated setup.py develop --editable --build-directory /home/admin/yahboomcar_cstar/build/cstar_controller/build --no-deps symlink_data
[2.320s] DEBUG:colcon.colcon_core.event_handler.log_command:Invoking command in '/home/admin/yahboomcar_cstar/build/cstar_metrics': PYTHONPATH=/home/admin/yahboomcar_cstar/build/cstar_metrics/prefix_override:/usr/lib/python3/dist-packages/colcon_core/task/python/colcon_distutils_commands:/home/admin/yahboomcar_cstar/install/cstar_metrics/lib/python3.10/site-packages:${PYTHONPATH} /usr/bin/python3 -W ignore:setup.py install is deprecated -W ignore:easy_install command is deprecated setup.py develop --editable --build-directory /home/admin/yahboomcar_cstar/build/cstar_metrics/build --no-deps symlink_data
[2.322s] DEBUG:colcon.colcon_core.event_handler.log_command:Invoking command in '/home/admin/yahboomcar_cstar/build/cstar_bringup': PYTHONPATH=/home/admin/yahboomcar_cstar/build/cstar_bringup/prefix_override:/usr/lib/python3/dist-packages/colcon_core/task/python/colcon_distutils_commands:/home/admin/yahboomcar_cstar/install/cstar_bringup/lib/python3.10/site-packages:${PYTHONPATH} /usr/bin/python3 -W ignore:setup.py install is deprecated -W ignore:easy_install command is deprecated setup.py develop --editable --build-directory /home/admin/yahboomcar_cstar/build/cstar_bringup/build --no-deps symlink_data
[2.324s] DEBUG:colcon.colcon_core.event_handler.log_command:Invoking command in '/home/admin/yahboomcar_cstar/build/cstar_graph': PYTHONPATH=/home/admin/yahboomcar_cstar/build/cstar_graph/prefix_override:/usr/lib/python3/dist-packages/colcon_core/task/python/colcon_distutils_commands:/home/admin/yahboomcar_cstar/install/cstar_graph/lib/python3.10/site-packages:${PYTHONPATH} /usr/bin/python3 -W ignore:setup.py install is deprecated -W ignore:easy_install command is deprecated setup.py develop --editable --build-directory /home/admin/yahboomcar_cstar/build/cstar_graph/build --no-deps symlink_data
[2.327s] DEBUG:colcon.colcon_core.event_handler.log_command:Invoking command in '/home/admin/yahboomcar_cstar/build/cstar_planner': PYTHONPATH=/home/admin/yahboomcar_cstar/build/cstar_planner/prefix_override:/usr/lib/python3/dist-packages/colcon_core/task/python/colcon_distutils_commands:/home/admin/yahboomcar_cstar/install/cstar_planner/lib/python3.10/site-packages:${PYTHONPATH} /usr/bin/python3 -W ignore:setup.py install is deprecated -W ignore:easy_install command is deprecated setup.py develop --editable --build-directory /home/admin/yahboomcar_cstar/build/cstar_planner/build --no-deps symlink_data
[2.329s] DEBUG:colcon.colcon_core.event_handler.log_command:Invoking command in '/home/admin/yahboomcar_cstar/build/cstar_mapping': PYTHONPATH=/home/admin/yahboomcar_cstar/build/cstar_mapping/prefix_override:/usr/lib/python3/dist-packages/colcon_core/task/python/colcon_distutils_commands:/home/admin/yahboomcar_cstar/install/cstar_mapping/lib/python3.10/site-packages:${PYTHONPATH} /usr/bin/python3 -W ignore:setup.py install is deprecated -W ignore:easy_install command is deprecated setup.py develop --editable --build-directory /home/admin/yahboomcar_cstar/build/cstar_mapping/build --no-deps symlink_data
[2.682s] Level 1:colcon.colcon_core.shell:create_environment_hook('cstar_metrics', 'pythonpath_develop')
[2.682s] DEBUG:colcon.colcon_core.event_handler.log_command:Invoked command in '/home/admin/yahboomcar_cstar/build/cstar_metrics' returned '0': PYTHONPATH=/home/admin/yahboomcar_cstar/build/cstar_metrics/prefix_override:/usr/lib/python3/dist-packages/colcon_core/task/python/colcon_distutils_commands:/home/admin/yahboomcar_cstar/install/cstar_metrics/lib/python3.10/site-packages:${PYTHONPATH} /usr/bin/python3 -W ignore:setup.py install is deprecated -W ignore:easy_install command is deprecated setup.py develop --editable --build-directory /home/admin/yahboomcar_cstar/build/cstar_metrics/build --no-deps symlink_data
[2.683s] INFO:colcon.colcon_core.shell:Creating environment hook '/home/admin/yahboomcar_cstar/build/cstar_metrics/share/cstar_metrics/hook/pythonpath_develop.ps1'
[2.683s] INFO:colcon.colcon_core.shell:Creating environment descriptor '/home/admin/yahboomcar_cstar/build/cstar_metrics/share/cstar_metrics/hook/pythonpath_develop.dsv'
[2.684s] INFO:colcon.colcon_core.shell:Creating environment hook '/home/admin/yahboomcar_cstar/build/cstar_metrics/share/cstar_metrics/hook/pythonpath_develop.sh'
[2.691s] Level 1:colcon.colcon_core.environment:checking '/home/admin/yahboomcar_cstar/install/cstar_metrics' for CMake module files
[2.691s] Level 1:colcon.colcon_core.environment:checking '/home/admin/yahboomcar_cstar/install/cstar_metrics' for CMake config files
[2.692s] Level 1:colcon.colcon_core.environment:checking '/home/admin/yahboomcar_cstar/install/cstar_metrics/lib'
[2.692s] Level 1:colcon.colcon_core.environment:checking '/home/admin/yahboomcar_cstar/install/cstar_metrics/bin'
[2.692s] Level 1:colcon.colcon_core.environment:checking '/home/admin/yahboomcar_cstar/install/cstar_metrics/lib/pkgconfig/cstar_metrics.pc'
[2.692s] Level 1:colcon.colcon_core.environment:checking '/home/admin/yahboomcar_cstar/install/cstar_metrics/lib/python3.10/site-packages'
[2.692s] Level 1:colcon.colcon_core.shell:create_environment_hook('cstar_metrics', 'pythonpath')
[2.693s] INFO:colcon.colcon_core.shell:Creating environment hook '/home/admin/yahboomcar_cstar/install/cstar_metrics/share/cstar_metrics/hook/pythonpath.ps1'
[2.693s] INFO:colcon.colcon_core.shell:Creating environment descriptor '/home/admin/yahboomcar_cstar/install/cstar_metrics/share/cstar_metrics/hook/pythonpath.dsv'
[2.693s] INFO:colcon.colcon_core.shell:Creating environment hook '/home/admin/yahboomcar_cstar/install/cstar_metrics/share/cstar_metrics/hook/pythonpath.sh'
[2.693s] Level 1:colcon.colcon_core.environment:checking '/home/admin/yahboomcar_cstar/install/cstar_metrics/bin'
[2.694s] Level 1:colcon.colcon_core.environment:create_environment_scripts_only(cstar_metrics)
[2.694s] INFO:colcon.colcon_core.shell:Creating package script '/home/admin/yahboomcar_cstar/install/cstar_metrics/share/cstar_metrics/package.ps1'
[2.695s] INFO:colcon.colcon_core.shell:Creating package descriptor '/home/admin/yahboomcar_cstar/install/cstar_metrics/share/cstar_metrics/package.dsv'
[2.695s] INFO:colcon.colcon_core.shell:Creating package script '/home/admin/yahboomcar_cstar/install/cstar_metrics/share/cstar_metrics/package.sh'
[2.696s] INFO:colcon.colcon_core.shell:Creating package script '/home/admin/yahboomcar_cstar/install/cstar_metrics/share/cstar_metrics/package.bash'
[2.697s] INFO:colcon.colcon_core.shell:Creating package script '/home/admin/yahboomcar_cstar/install/cstar_metrics/share/cstar_metrics/package.zsh'
[2.698s] Level 1:colcon.colcon_core.environment:create_file_with_runtime_dependencies(/home/admin/yahboomcar_cstar/install/cstar_metrics/share/colcon-core/packages/cstar_metrics)
[2.700s] Level 1:colcon.colcon_core.shell:create_environment_hook('cstar_controller', 'pythonpath_develop')
[2.700s] INFO:colcon.colcon_core.shell:Creating environment hook '/home/admin/yahboomcar_cstar/build/cstar_controller/share/cstar_controller/hook/pythonpath_develop.ps1'
[2.701s] DEBUG:colcon.colcon_core.event_handler.log_command:Invoked command in '/home/admin/yahboomcar_cstar/build/cstar_controller' returned '0': PYTHONPATH=/home/admin/yahboomcar_cstar/build/cstar_controller/prefix_override:/usr/lib/python3/dist-packages/colcon_core/task/python/colcon_distutils_commands:/home/admin/yahboomcar_cstar/install/cstar_controller/lib/python3.10/site-packages:${PYTHONPATH} /usr/bin/python3 -W ignore:setup.py install is deprecated -W ignore:easy_install command is deprecated setup.py develop --editable --build-directory /home/admin/yahboomcar_cstar/build/cstar_controller/build --no-deps symlink_data
[2.701s] INFO:colcon.colcon_core.shell:Creating environment descriptor '/home/admin/yahboomcar_cstar/build/cstar_controller/share/cstar_controller/hook/pythonpath_develop.dsv'
[2.701s] INFO:colcon.colcon_core.shell:Creating environment hook '/home/admin/yahboomcar_cstar/build/cstar_controller/share/cstar_controller/hook/pythonpath_develop.sh'
[2.702s] Level 1:colcon.colcon_core.environment:checking '/home/admin/yahboomcar_cstar/install/cstar_controller' for CMake module files
[2.702s] Level 1:colcon.colcon_core.environment:checking '/home/admin/yahboomcar_cstar/install/cstar_controller' for CMake config files
[2.702s] Level 1:colcon.colcon_core.environment:checking '/home/admin/yahboomcar_cstar/install/cstar_controller/lib'
[2.702s] Level 1:colcon.colcon_core.environment:checking '/home/admin/yahboomcar_cstar/install/cstar_controller/bin'
[2.702s] Level 1:colcon.colcon_core.environment:checking '/home/admin/yahboomcar_cstar/install/cstar_controller/lib/pkgconfig/cstar_controller.pc'
[2.703s] Level 1:colcon.colcon_core.environment:checking '/home/admin/yahboomcar_cstar/install/cstar_controller/lib/python3.10/site-packages'
[2.703s] Level 1:colcon.colcon_core.shell:create_environment_hook('cstar_controller', 'pythonpath')
[2.703s] INFO:colcon.colcon_core.shell:Creating environment hook '/home/admin/yahboomcar_cstar/install/cstar_controller/share/cstar_controller/hook/pythonpath.ps1'
[2.703s] INFO:colcon.colcon_core.shell:Creating environment descriptor '/home/admin/yahboomcar_cstar/install/cstar_controller/share/cstar_controller/hook/pythonpath.dsv'
[2.703s] INFO:colcon.colcon_core.shell:Creating environment hook '/home/admin/yahboomcar_cstar/install/cstar_controller/share/cstar_controller/hook/pythonpath.sh'
[2.704s] Level 1:colcon.colcon_core.environment:checking '/home/admin/yahboomcar_cstar/install/cstar_controller/bin'
[2.704s] Level 1:colcon.colcon_core.environment:create_environment_scripts_only(cstar_controller)
[2.704s] INFO:colcon.colcon_core.shell:Creating package script '/home/admin/yahboomcar_cstar/install/cstar_controller/share/cstar_controller/package.ps1'
[2.704s] INFO:colcon.colcon_core.shell:Creating package descriptor '/home/admin/yahboomcar_cstar/install/cstar_controller/share/cstar_controller/package.dsv'
[2.705s] INFO:colcon.colcon_core.shell:Creating package script '/home/admin/yahboomcar_cstar/install/cstar_controller/share/cstar_controller/package.sh'
[2.705s] INFO:colcon.colcon_core.shell:Creating package script '/home/admin/yahboomcar_cstar/install/cstar_controller/share/cstar_controller/package.bash'
[2.705s] INFO:colcon.colcon_core.shell:Creating package script '/home/admin/yahboomcar_cstar/install/cstar_controller/share/cstar_controller/package.zsh'
[2.705s] Level 1:colcon.colcon_core.environment:create_file_with_runtime_dependencies(/home/admin/yahboomcar_cstar/install/cstar_controller/share/colcon-core/packages/cstar_controller)
[2.706s] Level 1:colcon.colcon_core.shell:create_environment_hook('cstar_graph', 'pythonpath_develop')
[2.706s] INFO:colcon.colcon_core.shell:Creating environment hook '/home/admin/yahboomcar_cstar/build/cstar_graph/share/cstar_graph/hook/pythonpath_develop.ps1'
[2.706s] DEBUG:colcon.colcon_core.event_handler.log_command:Invoked command in '/home/admin/yahboomcar_cstar/build/cstar_graph' returned '0': PYTHONPATH=/home/admin/yahboomcar_cstar/build/cstar_graph/prefix_override:/usr/lib/python3/dist-packages/colcon_core/task/python/colcon_distutils_commands:/home/admin/yahboomcar_cstar/install/cstar_graph/lib/python3.10/site-packages:${PYTHONPATH} /usr/bin/python3 -W ignore:setup.py install is deprecated -W ignore:easy_install command is deprecated setup.py develop --editable --build-directory /home/admin/yahboomcar_cstar/build/cstar_graph/build --no-deps symlink_data
[2.707s] INFO:colcon.colcon_core.shell:Creating environment descriptor '/home/admin/yahboomcar_cstar/build/cstar_graph/share/cstar_graph/hook/pythonpath_develop.dsv'
[2.707s] INFO:colcon.colcon_core.shell:Creating environment hook '/home/admin/yahboomcar_cstar/build/cstar_graph/share/cstar_graph/hook/pythonpath_develop.sh'
[2.707s] Level 1:colcon.colcon_core.environment:checking '/home/admin/yahboomcar_cstar/install/cstar_graph' for CMake module files
[2.707s] Level 1:colcon.colcon_core.environment:checking '/home/admin/yahboomcar_cstar/install/cstar_graph' for CMake config files
[2.708s] Level 1:colcon.colcon_core.environment:checking '/home/admin/yahboomcar_cstar/install/cstar_graph/lib'
[2.708s] Level 1:colcon.colcon_core.environment:checking '/home/admin/yahboomcar_cstar/install/cstar_graph/bin'
[2.708s] Level 1:colcon.colcon_core.environment:checking '/home/admin/yahboomcar_cstar/install/cstar_graph/lib/pkgconfig/cstar_graph.pc'
[2.708s] Level 1:colcon.colcon_core.environment:checking '/home/admin/yahboomcar_cstar/install/cstar_graph/lib/python3.10/site-packages'
[2.708s] Level 1:colcon.colcon_core.shell:create_environment_hook('cstar_graph', 'pythonpath')
[2.708s] INFO:colcon.colcon_core.shell:Creating environment hook '/home/admin/yahboomcar_cstar/install/cstar_graph/share/cstar_graph/hook/pythonpath.ps1'
[2.708s] INFO:colcon.colcon_core.shell:Creating environment descriptor '/home/admin/yahboomcar_cstar/install/cstar_graph/share/cstar_graph/hook/pythonpath.dsv'
[2.709s] INFO:colcon.colcon_core.shell:Creating environment hook '/home/admin/yahboomcar_cstar/install/cstar_graph/share/cstar_graph/hook/pythonpath.sh'
[2.709s] Level 1:colcon.colcon_core.environment:checking '/home/admin/yahboomcar_cstar/install/cstar_graph/bin'
[2.709s] Level 1:colcon.colcon_core.environment:create_environment_scripts_only(cstar_graph)
[2.709s] INFO:colcon.colcon_core.shell:Creating package script '/home/admin/yahboomcar_cstar/install/cstar_graph/share/cstar_graph/package.ps1'
[2.710s] INFO:colcon.colcon_core.shell:Creating package descriptor '/home/admin/yahboomcar_cstar/install/cstar_graph/share/cstar_graph/package.dsv'
[2.710s] INFO:colcon.colcon_core.shell:Creating package script '/home/admin/yahboomcar_cstar/install/cstar_graph/share/cstar_graph/package.sh'
[2.710s] INFO:colcon.colcon_core.shell:Creating package script '/home/admin/yahboomcar_cstar/install/cstar_graph/share/cstar_graph/package.bash'
[2.710s] INFO:colcon.colcon_core.shell:Creating package script '/home/admin/yahboomcar_cstar/install/cstar_graph/share/cstar_graph/package.zsh'
[2.711s] Level 1:colcon.colcon_core.environment:create_file_with_runtime_dependencies(/home/admin/yahboomcar_cstar/install/cstar_graph/share/colcon-core/packages/cstar_graph)
[2.711s] Level 1:colcon.colcon_core.shell:create_environment_hook('cstar_planner', 'pythonpath_develop')
[2.711s] INFO:colcon.colcon_core.shell:Creating environment hook '/home/admin/yahboomcar_cstar/build/cstar_planner/share/cstar_planner/hook/pythonpath_develop.ps1'
[2.712s] DEBUG:colcon.colcon_core.event_handler.log_command:Invoked command in '/home/admin/yahboomcar_cstar/build/cstar_planner' returned '0': PYTHONPATH=/home/admin/yahboomcar_cstar/build/cstar_planner/prefix_override:/usr/lib/python3/dist-packages/colcon_core/task/python/colcon_distutils_commands:/home/admin/yahboomcar_cstar/install/cstar_planner/lib/python3.10/site-packages:${PYTHONPATH} /usr/bin/python3 -W ignore:setup.py install is deprecated -W ignore:easy_install command is deprecated setup.py develop --editable --build-directory /home/admin/yahboomcar_cstar/build/cstar_planner/build --no-deps symlink_data
[2.712s] INFO:colcon.colcon_core.shell:Creating environment descriptor '/home/admin/yahboomcar_cstar/build/cstar_planner/share/cstar_planner/hook/pythonpath_develop.dsv'
[2.712s] INFO:colcon.colcon_core.shell:Creating environment hook '/home/admin/yahboomcar_cstar/build/cstar_planner/share/cstar_planner/hook/pythonpath_develop.sh'
[2.712s] Level 1:colcon.colcon_core.environment:checking '/home/admin/yahboomcar_cstar/install/cstar_planner' for CMake module files
[2.713s] Level 1:colcon.colcon_core.environment:checking '/home/admin/yahboomcar_cstar/install/cstar_planner' for CMake config files
[2.713s] Level 1:colcon.colcon_core.environment:checking '/home/admin/yahboomcar_cstar/install/cstar_planner/lib'
[2.713s] Level 1:colcon.colcon_core.environment:checking '/home/admin/yahboomcar_cstar/install/cstar_planner/bin'
[2.713s] Level 1:colcon.colcon_core.environment:checking '/home/admin/yahboomcar_cstar/install/cstar_planner/lib/pkgconfig/cstar_planner.pc'
[2.713s] Level 1:colcon.colcon_core.environment:checking '/home/admin/yahboomcar_cstar/install/cstar_planner/lib/python3.10/site-packages'
[2.713s] Level 1:colcon.colcon_core.shell:create_environment_hook('cstar_planner', 'pythonpath')
[2.714s] INFO:colcon.colcon_core.shell:Creating environment hook '/home/admin/yahboomcar_cstar/install/cstar_planner/share/cstar_planner/hook/pythonpath.ps1'
[2.714s] INFO:colcon.colcon_core.shell:Creating environment descriptor '/home/admin/yahboomcar_cstar/install/cstar_planner/share/cstar_planner/hook/pythonpath.dsv'
[2.714s] INFO:colcon.colcon_core.shell:Creating environment hook '/home/admin/yahboomcar_cstar/install/cstar_planner/share/cstar_planner/hook/pythonpath.sh'
[2.714s] Level 1:colcon.colcon_core.environment:checking '/home/admin/yahboomcar_cstar/install/cstar_planner/bin'
[2.715s] Level 1:colcon.colcon_core.environment:create_environment_scripts_only(cstar_planner)
[2.715s] INFO:colcon.colcon_core.shell:Creating package script '/home/admin/yahboomcar_cstar/install/cstar_planner/share/cstar_planner/package.ps1'
[2.715s] INFO:colcon.colcon_core.shell:Creating package descriptor '/home/admin/yahboomcar_cstar/install/cstar_planner/share/cstar_planner/package.dsv'
[2.715s] INFO:colcon.colcon_core.shell:Creating package script '/home/admin/yahboomcar_cstar/install/cstar_planner/share/cstar_planner/package.sh'
[2.716s] INFO:colcon.colcon_core.shell:Creating package script '/home/admin/yahboomcar_cstar/install/cstar_planner/share/cstar_planner/package.bash'
[2.716s] INFO:colcon.colcon_core.shell:Creating package script '/home/admin/yahboomcar_cstar/install/cstar_planner/share/cstar_planner/package.zsh'
[2.716s] Level 1:colcon.colcon_core.environment:create_file_with_runtime_dependencies(/home/admin/yahboomcar_cstar/install/cstar_planner/share/colcon-core/packages/cstar_planner)
[2.717s] Level 1:colcon.colcon_core.shell:create_environment_hook('cstar_mapping', 'pythonpath_develop')
[2.717s] INFO:colcon.colcon_core.shell:Creating environment hook '/home/admin/yahboomcar_cstar/build/cstar_mapping/share/cstar_mapping/hook/pythonpath_develop.ps1'
[2.717s] DEBUG:colcon.colcon_core.event_handler.log_command:Invoked command in '/home/admin/yahboomcar_cstar/build/cstar_mapping' returned '0': PYTHONPATH=/home/admin/yahboomcar_cstar/build/cstar_mapping/prefix_override:/usr/lib/python3/dist-packages/colcon_core/task/python/colcon_distutils_commands:/home/admin/yahboomcar_cstar/install/cstar_mapping/lib/python3.10/site-packages:${PYTHONPATH} /usr/bin/python3 -W ignore:setup.py install is deprecated -W ignore:easy_install command is deprecated setup.py develop --editable --build-directory /home/admin/yahboomcar_cstar/build/cstar_mapping/build --no-deps symlink_data
[2.717s] INFO:colcon.colcon_core.shell:Creating environment descriptor '/home/admin/yahboomcar_cstar/build/cstar_mapping/share/cstar_mapping/hook/pythonpath_develop.dsv'
[2.718s] INFO:colcon.colcon_core.shell:Creating environment hook '/home/admin/yahboomcar_cstar/build/cstar_mapping/share/cstar_mapping/hook/pythonpath_develop.sh'
[2.718s] Level 1:colcon.colcon_core.environment:checking '/home/admin/yahboomcar_cstar/install/cstar_mapping' for CMake module files
[2.718s] Level 1:colcon.colcon_core.environment:checking '/home/admin/yahboomcar_cstar/install/cstar_mapping' for CMake config files
[2.719s] Level 1:colcon.colcon_core.environment:checking '/home/admin/yahboomcar_cstar/install/cstar_mapping/lib'
[2.719s] Level 1:colcon.colcon_core.environment:checking '/home/admin/yahboomcar_cstar/install/cstar_mapping/bin'
[2.719s] Level 1:colcon.colcon_core.environment:checking '/home/admin/yahboomcar_cstar/install/cstar_mapping/lib/pkgconfig/cstar_mapping.pc'
[2.719s] Level 1:colcon.colcon_core.environment:checking '/home/admin/yahboomcar_cstar/install/cstar_mapping/lib/python3.10/site-packages'
[2.719s] Level 1:colcon.colcon_core.shell:create_environment_hook('cstar_mapping', 'pythonpath')
[2.719s] INFO:colcon.colcon_core.shell:Creating environment hook '/home/admin/yahboomcar_cstar/install/cstar_mapping/share/cstar_mapping/hook/pythonpath.ps1'
[2.719s] INFO:colcon.colcon_core.shell:Creating environment descriptor '/home/admin/yahboomcar_cstar/install/cstar_mapping/share/cstar_mapping/hook/pythonpath.dsv'
[2.720s] INFO:colcon.colcon_core.shell:Creating environment hook '/home/admin/yahboomcar_cstar/install/cstar_mapping/share/cstar_mapping/hook/pythonpath.sh'
[2.720s] Level 1:colcon.colcon_core.environment:checking '/home/admin/yahboomcar_cstar/install/cstar_mapping/bin'
[2.720s] Level 1:colcon.colcon_core.environment:create_environment_scripts_only(cstar_mapping)
[2.720s] INFO:colcon.colcon_core.shell:Creating package script '/home/admin/yahboomcar_cstar/install/cstar_mapping/share/cstar_mapping/package.ps1'
[2.721s] INFO:colcon.colcon_core.shell:Creating package descriptor '/home/admin/yahboomcar_cstar/install/cstar_mapping/share/cstar_mapping/package.dsv'
[2.721s] INFO:colcon.colcon_core.shell:Creating package script '/home/admin/yahboomcar_cstar/install/cstar_mapping/share/cstar_mapping/package.sh'
[2.721s] INFO:colcon.colcon_core.shell:Creating package script '/home/admin/yahboomcar_cstar/install/cstar_mapping/share/cstar_mapping/package.bash'
[2.721s] INFO:colcon.colcon_core.shell:Creating package script '/home/admin/yahboomcar_cstar/install/cstar_mapping/share/cstar_mapping/package.zsh'
[2.722s] Level 1:colcon.colcon_core.environment:create_file_with_runtime_dependencies(/home/admin/yahboomcar_cstar/install/cstar_mapping/share/colcon-core/packages/cstar_mapping)
[2.722s] Level 1:colcon.colcon_core.shell:create_environment_hook('cstar_bringup', 'pythonpath_develop')
[2.722s] INFO:colcon.colcon_core.shell:Creating environment hook '/home/admin/yahboomcar_cstar/build/cstar_bringup/share/cstar_bringup/hook/pythonpath_develop.ps1'
[2.723s] DEBUG:colcon.colcon_core.event_handler.log_command:Invoked command in '/home/admin/yahboomcar_cstar/build/cstar_bringup' returned '0': PYTHONPATH=/home/admin/yahboomcar_cstar/build/cstar_bringup/prefix_override:/usr/lib/python3/dist-packages/colcon_core/task/python/colcon_distutils_commands:/home/admin/yahboomcar_cstar/install/cstar_bringup/lib/python3.10/site-packages:${PYTHONPATH} /usr/bin/python3 -W ignore:setup.py install is deprecated -W ignore:easy_install command is deprecated setup.py develop --editable --build-directory /home/admin/yahboomcar_cstar/build/cstar_bringup/build --no-deps symlink_data
[2.723s] INFO:colcon.colcon_core.shell:Creating environment descriptor '/home/admin/yahboomcar_cstar/build/cstar_bringup/share/cstar_bringup/hook/pythonpath_develop.dsv'
[2.723s] INFO:colcon.colcon_core.shell:Creating environment hook '/home/admin/yahboomcar_cstar/build/cstar_bringup/share/cstar_bringup/hook/pythonpath_develop.sh'
[2.723s] Level 1:colcon.colcon_core.environment:checking '/home/admin/yahboomcar_cstar/install/cstar_bringup' for CMake module files
[2.724s] Level 1:colcon.colcon_core.environment:checking '/home/admin/yahboomcar_cstar/install/cstar_bringup' for CMake config files
[2.724s] Level 1:colcon.colcon_core.environment:checking '/home/admin/yahboomcar_cstar/install/cstar_bringup/lib'
[2.724s] Level 1:colcon.colcon_core.environment:checking '/home/admin/yahboomcar_cstar/install/cstar_bringup/bin'
[2.724s] Level 1:colcon.colcon_core.environment:checking '/home/admin/yahboomcar_cstar/install/cstar_bringup/lib/pkgconfig/cstar_bringup.pc'
[2.724s] Level 1:colcon.colcon_core.environment:checking '/home/admin/yahboomcar_cstar/install/cstar_bringup/lib/python3.10/site-packages'
[2.724s] Level 1:colcon.colcon_core.shell:create_environment_hook('cstar_bringup', 'pythonpath')
[2.724s] INFO:colcon.colcon_core.shell:Creating environment hook '/home/admin/yahboomcar_cstar/install/cstar_bringup/share/cstar_bringup/hook/pythonpath.ps1'
[2.725s] INFO:colcon.colcon_core.shell:Creating environment descriptor '/home/admin/yahboomcar_cstar/install/cstar_bringup/share/cstar_bringup/hook/pythonpath.dsv'
[2.725s] INFO:colcon.colcon_core.shell:Creating environment hook '/home/admin/yahboomcar_cstar/install/cstar_bringup/share/cstar_bringup/hook/pythonpath.sh'
[2.725s] Level 1:colcon.colcon_core.environment:checking '/home/admin/yahboomcar_cstar/install/cstar_bringup/bin'
[2.725s] Level 1:colcon.colcon_core.environment:create_environment_scripts_only(cstar_bringup)
[2.726s] INFO:colcon.colcon_core.shell:Creating package script '/home/admin/yahboomcar_cstar/install/cstar_bringup/share/cstar_bringup/package.ps1'
[2.726s] INFO:colcon.colcon_core.shell:Creating package descriptor '/home/admin/yahboomcar_cstar/install/cstar_bringup/share/cstar_bringup/package.dsv'
[2.726s] INFO:colcon.colcon_core.shell:Creating package script '/home/admin/yahboomcar_cstar/install/cstar_bringup/share/cstar_bringup/package.sh'
[2.727s] INFO:colcon.colcon_core.shell:Creating package script '/home/admin/yahboomcar_cstar/install/cstar_bringup/share/cstar_bringup/package.bash'
[2.727s] INFO:colcon.colcon_core.shell:Creating package script '/home/admin/yahboomcar_cstar/install/cstar_bringup/share/cstar_bringup/package.zsh'
[2.727s] Level 1:colcon.colcon_core.environment:create_file_with_runtime_dependencies(/home/admin/yahboomcar_cstar/install/cstar_bringup/share/colcon-core/packages/cstar_bringup)
[2.727s] DEBUG:colcon.colcon_parallel_executor.executor.parallel:closing loop
[2.727s] DEBUG:colcon.colcon_parallel_executor.executor.parallel:loop closed
[2.727s] DEBUG:colcon.colcon_parallel_executor.executor.parallel:run_until_complete finished with '0'
[2.727s] DEBUG:colcon.colcon_core.event_reactor:joining thread
[2.734s] INFO:colcon.colcon_core.plugin_system:Skipping extension 'colcon_notification.desktop_notification.terminal_notifier': Not used on non-Darwin systems
[2.735s] INFO:colcon.colcon_core.plugin_system:Skipping extension 'colcon_notification.desktop_notification.win32': Not used on non-Windows systems
[2.735s] INFO:colcon.colcon_notification.desktop_notification:Sending desktop notification using 'notify2'
[2.745s] DEBUG:colcon.colcon_core.event_reactor:joined thread
[2.746s] INFO:colcon.colcon_core.shell:Creating prefix script '/home/admin/yahboomcar_cstar/install/local_setup.ps1'
[2.747s] INFO:colcon.colcon_core.shell:Creating prefix util module '/home/admin/yahboomcar_cstar/install/_local_setup_util_ps1.py'
[2.748s] INFO:colcon.colcon_core.shell:Creating prefix chain script '/home/admin/yahboomcar_cstar/install/setup.ps1'
[2.751s] INFO:colcon.colcon_core.shell:Creating prefix script '/home/admin/yahboomcar_cstar/install/local_setup.sh'
[2.751s] INFO:colcon.colcon_core.shell:Creating prefix util module '/home/admin/yahboomcar_cstar/install/_local_setup_util_sh.py'
[2.752s] INFO:colcon.colcon_core.shell:Creating prefix chain script '/home/admin/yahboomcar_cstar/install/setup.sh'
[2.754s] INFO:colcon.colcon_core.shell:Creating prefix script '/home/admin/yahboomcar_cstar/install/local_setup.bash'
[2.755s] INFO:colcon.colcon_core.shell:Creating prefix chain script '/home/admin/yahboomcar_cstar/install/setup.bash'
[2.757s] INFO:colcon.colcon_core.shell:Creating prefix script '/home/admin/yahboomcar_cstar/install/local_setup.zsh'
[2.758s] INFO:colcon.colcon_core.shell:Creating prefix chain script '/home/admin/yahboomcar_cstar/install/setup.zsh'
