running develop
running egg_info
creating cstar_controller.egg-info
writing cstar_controller.egg-info/PKG-INFO
writing dependency_links to cstar_controller.egg-info/dependency_links.txt
writing entry points to cstar_controller.egg-info/entry_points.txt
writing requirements to cstar_controller.egg-info/requires.txt
writing top-level names to cstar_controller.egg-info/top_level.txt
writing manifest file 'cstar_controller.egg-info/SOURCES.txt'
reading manifest file 'cstar_controller.egg-info/SOURCES.txt'
writing manifest file 'cstar_controller.egg-info/SOURCES.txt'
running build_ext
Creating /home/admin/yahboomcar_cstar/install/cstar_controller/lib/python3.10/site-packages/cstar-controller.egg-link (link to .)

Installed /home/admin/yahboomcar_cstar/build/cstar_controller
running symlink_data
creating /home/admin/yahboomcar_cstar/install/cstar_controller/share/ament_index
creating /home/admin/yahboomcar_cstar/install/cstar_controller/share/ament_index/resource_index
creating /home/admin/yahboomcar_cstar/install/cstar_controller/share/ament_index/resource_index/packages
symbolically linking /home/admin/yahboomcar_cstar/build/cstar_controller/resource/cstar_controller -> /home/admin/yahboomcar_cstar/install/cstar_controller/share/ament_index/resource_index/packages
symbolically linking /home/admin/yahboomcar_cstar/build/cstar_controller/package.xml -> /home/admin/yahboomcar_cstar/install/cstar_controller/share/cstar_controller
