[1.793s] Invoking command in '/home/admin/yahboomcar_cstar/build/cstar_controller': PYTHONPATH=/home/admin/yahboomcar_cstar/build/cstar_controller/prefix_override:/usr/lib/python3/dist-packages/colcon_core/task/python/colcon_distutils_commands:/home/admin/yahboomcar_cstar/install/cstar_controller/lib/python3.10/site-packages:${PYTHONPATH} /usr/bin/python3 -W ignore:setup.py install is deprecated -W ignore:easy_install command is deprecated setup.py develop --editable --build-directory /home/admin/yahboomcar_cstar/build/cstar_controller/build --no-deps symlink_data
[2.013s] running develop
[2.134s] running egg_info
[2.134s] creating cstar_controller.egg-info
[2.135s] writing cstar_controller.egg-info/PKG-INFO
[2.135s] writing dependency_links to cstar_controller.egg-info/dependency_links.txt
[2.135s] writing entry points to cstar_controller.egg-info/entry_points.txt
[2.135s] writing requirements to cstar_controller.egg-info/requires.txt
[2.135s] writing top-level names to cstar_controller.egg-info/top_level.txt
[2.135s] writing manifest file 'cstar_controller.egg-info/SOURCES.txt'
[2.136s] reading manifest file 'cstar_controller.egg-info/SOURCES.txt'
[2.136s] writing manifest file 'cstar_controller.egg-info/SOURCES.txt'
[2.138s] running build_ext
[2.138s] Creating /home/admin/yahboomcar_cstar/install/cstar_controller/lib/python3.10/site-packages/cstar-controller.egg-link (link to .)
[2.139s] 
[2.139s] Installed /home/admin/yahboomcar_cstar/build/cstar_controller
[2.139s] running symlink_data
[2.139s] creating /home/admin/yahboomcar_cstar/install/cstar_controller/share/ament_index
[2.140s] creating /home/admin/yahboomcar_cstar/install/cstar_controller/share/ament_index/resource_index
[2.140s] creating /home/admin/yahboomcar_cstar/install/cstar_controller/share/ament_index/resource_index/packages
[2.140s] symbolically linking /home/admin/yahboomcar_cstar/build/cstar_controller/resource/cstar_controller -> /home/admin/yahboomcar_cstar/install/cstar_controller/share/ament_index/resource_index/packages
[2.140s] symbolically linking /home/admin/yahboomcar_cstar/build/cstar_controller/package.xml -> /home/admin/yahboomcar_cstar/install/cstar_controller/share/cstar_controller
[2.178s] Invoked command in '/home/admin/yahboomcar_cstar/build/cstar_controller' returned '0': PYTHONPATH=/home/admin/yahboomcar_cstar/build/cstar_controller/prefix_override:/usr/lib/python3/dist-packages/colcon_core/task/python/colcon_distutils_commands:/home/admin/yahboomcar_cstar/install/cstar_controller/lib/python3.10/site-packages:${PYTHONPATH} /usr/bin/python3 -W ignore:setup.py install is deprecated -W ignore:easy_install command is deprecated setup.py develop --editable --build-directory /home/admin/yahboomcar_cstar/build/cstar_controller/build --no-deps symlink_data
