[0.135s] DEBUG:colcon:Command line arguments: ['/usr/bin/colcon', 'build', '--packages-select', 'cstar_graph', '--symlink-install']
[0.136s] DEBUG:colcon:Parsed command line arguments: Namespace(log_base=None, log_level=None, verb_name='build', build_base='build', install_base='install', merge_install=False, symlink_install=True, test_result_base=None, continue_on_error=False, executor='parallel', parallel_workers=64, event_handlers=None, ignore_user_meta=False, metas=['./colcon.meta'], base_paths=['.'], packages_ignore=None, packages_ignore_regex=None, paths=None, packages_up_to=None, packages_up_to_regex=None, packages_above=None, packages_above_and_dependencies=None, packages_above_depth=None, packages_select_by_dep=None, packages_skip_by_dep=None, packages_skip_up_to=None, packages_select_build_failed=False, packages_skip_build_finished=False, packages_select_test_failures=False, packages_skip_test_passed=False, packages_select=['cstar_graph'], packages_skip=None, packages_select_regex=None, packages_skip_regex=None, packages_start=None, packages_end=None, allow_overriding=[], cmake_args=None, cmake_target=None, cmake_target_skip_unavailable=False, cmake_clean_cache=False, cmake_clean_first=False, cmake_force_configure=False, ament_cmake_args=None, catkin_cmake_args=None, catkin_skip_building_tests=False, verb_parser=<colcon_defaults.argument_parser.defaults.DefaultArgumentsDecorator object at 0x7f4b0b5878e0>, verb_extension=<colcon_core.verb.build.BuildVerb object at 0x7f4b0b587340>, main=<bound method BuildVerb.main of <colcon_core.verb.build.BuildVerb object at 0x7f4b0b587340>>)
[0.443s] Level 1:colcon.colcon_core.package_discovery:discover_packages(colcon_meta) check parameters
[0.443s] Level 1:colcon.colcon_core.package_discovery:discover_packages(recursive) check parameters
[0.443s] Level 1:colcon.colcon_core.package_discovery:discover_packages(ignore) check parameters
[0.443s] Level 1:colcon.colcon_core.package_discovery:discover_packages(path) check parameters
[0.443s] Level 1:colcon.colcon_core.package_discovery:discover_packages(colcon_meta) discover
[0.443s] Level 1:colcon.colcon_core.package_discovery:discover_packages(recursive) discover
[0.444s] INFO:colcon.colcon_core.package_discovery:Crawling recursively for packages in '/home/admin/yahboomcar_cstar'
[0.444s] Level 1:colcon.colcon_core.package_identification:_identify(.) by extensions ['ignore', 'ignore_ament_install']
[0.444s] Level 1:colcon.colcon_core.package_identification:_identify(.) by extension 'ignore'
[0.444s] Level 1:colcon.colcon_core.package_identification:_identify(.) by extension 'ignore_ament_install'
[0.444s] Level 1:colcon.colcon_core.package_identification:_identify(.) by extensions ['colcon_pkg']
[0.444s] Level 1:colcon.colcon_core.package_identification:_identify(.) by extension 'colcon_pkg'
[0.444s] Level 1:colcon.colcon_core.package_identification:_identify(.) by extensions ['colcon_meta']
[0.444s] Level 1:colcon.colcon_core.package_identification:_identify(.) by extension 'colcon_meta'
[0.444s] Level 1:colcon.colcon_core.package_identification:_identify(.) by extensions ['ros']
[0.444s] Level 1:colcon.colcon_core.package_identification:_identify(.) by extension 'ros'
[0.457s] Level 1:colcon.colcon_core.package_identification:_identify(.) by extensions ['cmake', 'python']
[0.458s] Level 1:colcon.colcon_core.package_identification:_identify(.) by extension 'cmake'
[0.458s] Level 1:colcon.colcon_core.package_identification:_identify(.) by extension 'python'
[0.458s] Level 1:colcon.colcon_core.package_identification:_identify(.) by extensions ['python_setup_py']
[0.458s] Level 1:colcon.colcon_core.package_identification:_identify(.) by extension 'python_setup_py'
[0.458s] Level 1:colcon.colcon_core.package_identification:_identify(build) by extensions ['ignore', 'ignore_ament_install']
[0.458s] Level 1:colcon.colcon_core.package_identification:_identify(build) by extension 'ignore'
[0.458s] Level 1:colcon.colcon_core.package_identification:_identify(build) ignored
[0.458s] Level 1:colcon.colcon_core.package_identification:_identify(install) by extensions ['ignore', 'ignore_ament_install']
[0.458s] Level 1:colcon.colcon_core.package_identification:_identify(install) by extension 'ignore'
[0.458s] Level 1:colcon.colcon_core.package_identification:_identify(install) ignored
[0.458s] Level 1:colcon.colcon_core.package_identification:_identify(log) by extensions ['ignore', 'ignore_ament_install']
[0.458s] Level 1:colcon.colcon_core.package_identification:_identify(log) by extension 'ignore'
[0.459s] Level 1:colcon.colcon_core.package_identification:_identify(log) ignored
[0.459s] Level 1:colcon.colcon_core.package_identification:_identify(src) by extensions ['ignore', 'ignore_ament_install']
[0.459s] Level 1:colcon.colcon_core.package_identification:_identify(src) by extension 'ignore'
[0.459s] Level 1:colcon.colcon_core.package_identification:_identify(src) by extension 'ignore_ament_install'
[0.459s] Level 1:colcon.colcon_core.package_identification:_identify(src) by extensions ['colcon_pkg']
[0.459s] Level 1:colcon.colcon_core.package_identification:_identify(src) by extension 'colcon_pkg'
[0.459s] Level 1:colcon.colcon_core.package_identification:_identify(src) by extensions ['colcon_meta']
[0.459s] Level 1:colcon.colcon_core.package_identification:_identify(src) by extension 'colcon_meta'
[0.459s] Level 1:colcon.colcon_core.package_identification:_identify(src) by extensions ['ros']
[0.459s] Level 1:colcon.colcon_core.package_identification:_identify(src) by extension 'ros'
[0.459s] Level 1:colcon.colcon_core.package_identification:_identify(src) by extensions ['cmake', 'python']
[0.459s] Level 1:colcon.colcon_core.package_identification:_identify(src) by extension 'cmake'
[0.459s] Level 1:colcon.colcon_core.package_identification:_identify(src) by extension 'python'
[0.459s] Level 1:colcon.colcon_core.package_identification:_identify(src) by extensions ['python_setup_py']
[0.459s] Level 1:colcon.colcon_core.package_identification:_identify(src) by extension 'python_setup_py'
[0.459s] Level 1:colcon.colcon_core.package_identification:_identify(src/cstar_bringup) by extensions ['ignore', 'ignore_ament_install']
[0.459s] Level 1:colcon.colcon_core.package_identification:_identify(src/cstar_bringup) by extension 'ignore'
[0.459s] Level 1:colcon.colcon_core.package_identification:_identify(src/cstar_bringup) by extension 'ignore_ament_install'
[0.459s] Level 1:colcon.colcon_core.package_identification:_identify(src/cstar_bringup) by extensions ['colcon_pkg']
[0.459s] Level 1:colcon.colcon_core.package_identification:_identify(src/cstar_bringup) by extension 'colcon_pkg'
[0.460s] Level 1:colcon.colcon_core.package_identification:_identify(src/cstar_bringup) by extensions ['colcon_meta']
[0.460s] Level 1:colcon.colcon_core.package_identification:_identify(src/cstar_bringup) by extension 'colcon_meta'
[0.460s] Level 1:colcon.colcon_core.package_identification:_identify(src/cstar_bringup) by extensions ['ros']
[0.460s] Level 1:colcon.colcon_core.package_identification:_identify(src/cstar_bringup) by extension 'ros'
[0.463s] DEBUG:colcon.colcon_core.package_identification:Package 'src/cstar_bringup' with type 'ros.ament_python' and name 'cstar_bringup'
[0.463s] Level 1:colcon.colcon_core.package_identification:_identify(src/cstar_controller) by extensions ['ignore', 'ignore_ament_install']
[0.463s] Level 1:colcon.colcon_core.package_identification:_identify(src/cstar_controller) by extension 'ignore'
[0.463s] Level 1:colcon.colcon_core.package_identification:_identify(src/cstar_controller) by extension 'ignore_ament_install'
[0.463s] Level 1:colcon.colcon_core.package_identification:_identify(src/cstar_controller) by extensions ['colcon_pkg']
[0.463s] Level 1:colcon.colcon_core.package_identification:_identify(src/cstar_controller) by extension 'colcon_pkg'
[0.464s] Level 1:colcon.colcon_core.package_identification:_identify(src/cstar_controller) by extensions ['colcon_meta']
[0.464s] Level 1:colcon.colcon_core.package_identification:_identify(src/cstar_controller) by extension 'colcon_meta'
[0.464s] Level 1:colcon.colcon_core.package_identification:_identify(src/cstar_controller) by extensions ['ros']
[0.464s] Level 1:colcon.colcon_core.package_identification:_identify(src/cstar_controller) by extension 'ros'
[0.465s] DEBUG:colcon.colcon_core.package_identification:Package 'src/cstar_controller' with type 'ros.ament_python' and name 'cstar_controller'
[0.465s] Level 1:colcon.colcon_core.package_identification:_identify(src/cstar_graph) by extensions ['ignore', 'ignore_ament_install']
[0.465s] Level 1:colcon.colcon_core.package_identification:_identify(src/cstar_graph) by extension 'ignore'
[0.465s] Level 1:colcon.colcon_core.package_identification:_identify(src/cstar_graph) by extension 'ignore_ament_install'
[0.465s] Level 1:colcon.colcon_core.package_identification:_identify(src/cstar_graph) by extensions ['colcon_pkg']
[0.465s] Level 1:colcon.colcon_core.package_identification:_identify(src/cstar_graph) by extension 'colcon_pkg'
[0.465s] Level 1:colcon.colcon_core.package_identification:_identify(src/cstar_graph) by extensions ['colcon_meta']
[0.465s] Level 1:colcon.colcon_core.package_identification:_identify(src/cstar_graph) by extension 'colcon_meta'
[0.465s] Level 1:colcon.colcon_core.package_identification:_identify(src/cstar_graph) by extensions ['ros']
[0.465s] Level 1:colcon.colcon_core.package_identification:_identify(src/cstar_graph) by extension 'ros'
[0.466s] DEBUG:colcon.colcon_core.package_identification:Package 'src/cstar_graph' with type 'ros.ament_python' and name 'cstar_graph'
[0.466s] Level 1:colcon.colcon_core.package_identification:_identify(src/cstar_mapping) by extensions ['ignore', 'ignore_ament_install']
[0.467s] Level 1:colcon.colcon_core.package_identification:_identify(src/cstar_mapping) by extension 'ignore'
[0.467s] Level 1:colcon.colcon_core.package_identification:_identify(src/cstar_mapping) by extension 'ignore_ament_install'
[0.468s] Level 1:colcon.colcon_core.package_identification:_identify(src/cstar_mapping) by extensions ['colcon_pkg']
[0.468s] Level 1:colcon.colcon_core.package_identification:_identify(src/cstar_mapping) by extension 'colcon_pkg'
[0.468s] Level 1:colcon.colcon_core.package_identification:_identify(src/cstar_mapping) by extensions ['colcon_meta']
[0.468s] Level 1:colcon.colcon_core.package_identification:_identify(src/cstar_mapping) by extension 'colcon_meta'
[0.468s] Level 1:colcon.colcon_core.package_identification:_identify(src/cstar_mapping) by extensions ['ros']
[0.468s] Level 1:colcon.colcon_core.package_identification:_identify(src/cstar_mapping) by extension 'ros'
[0.469s] DEBUG:colcon.colcon_core.package_identification:Package 'src/cstar_mapping' with type 'ros.ament_python' and name 'cstar_mapping'
[0.469s] Level 1:colcon.colcon_core.package_identification:_identify(src/cstar_metrics) by extensions ['ignore', 'ignore_ament_install']
[0.469s] Level 1:colcon.colcon_core.package_identification:_identify(src/cstar_metrics) by extension 'ignore'
[0.469s] Level 1:colcon.colcon_core.package_identification:_identify(src/cstar_metrics) by extension 'ignore_ament_install'
[0.469s] Level 1:colcon.colcon_core.package_identification:_identify(src/cstar_metrics) by extensions ['colcon_pkg']
[0.469s] Level 1:colcon.colcon_core.package_identification:_identify(src/cstar_metrics) by extension 'colcon_pkg'
[0.469s] Level 1:colcon.colcon_core.package_identification:_identify(src/cstar_metrics) by extensions ['colcon_meta']
[0.469s] Level 1:colcon.colcon_core.package_identification:_identify(src/cstar_metrics) by extension 'colcon_meta'
[0.469s] Level 1:colcon.colcon_core.package_identification:_identify(src/cstar_metrics) by extensions ['ros']
[0.469s] Level 1:colcon.colcon_core.package_identification:_identify(src/cstar_metrics) by extension 'ros'
[0.470s] DEBUG:colcon.colcon_core.package_identification:Package 'src/cstar_metrics' with type 'ros.ament_python' and name 'cstar_metrics'
[0.471s] Level 1:colcon.colcon_core.package_identification:_identify(src/cstar_planner) by extensions ['ignore', 'ignore_ament_install']
[0.471s] Level 1:colcon.colcon_core.package_identification:_identify(src/cstar_planner) by extension 'ignore'
[0.471s] Level 1:colcon.colcon_core.package_identification:_identify(src/cstar_planner) by extension 'ignore_ament_install'
[0.471s] Level 1:colcon.colcon_core.package_identification:_identify(src/cstar_planner) by extensions ['colcon_pkg']
[0.471s] Level 1:colcon.colcon_core.package_identification:_identify(src/cstar_planner) by extension 'colcon_pkg'
[0.471s] Level 1:colcon.colcon_core.package_identification:_identify(src/cstar_planner) by extensions ['colcon_meta']
[0.471s] Level 1:colcon.colcon_core.package_identification:_identify(src/cstar_planner) by extension 'colcon_meta'
[0.471s] Level 1:colcon.colcon_core.package_identification:_identify(src/cstar_planner) by extensions ['ros']
[0.471s] Level 1:colcon.colcon_core.package_identification:_identify(src/cstar_planner) by extension 'ros'
[0.472s] DEBUG:colcon.colcon_core.package_identification:Package 'src/cstar_planner' with type 'ros.ament_python' and name 'cstar_planner'
[0.472s] Level 1:colcon.colcon_core.package_discovery:discover_packages(recursive) using defaults
[0.472s] Level 1:colcon.colcon_core.package_discovery:discover_packages(ignore) discover
[0.472s] Level 1:colcon.colcon_core.package_discovery:discover_packages(ignore) using defaults
[0.472s] Level 1:colcon.colcon_core.package_discovery:discover_packages(path) discover
[0.472s] Level 1:colcon.colcon_core.package_discovery:discover_packages(path) using defaults
[0.513s] INFO:colcon.colcon_core.package_selection:Skipping not selected package 'cstar_bringup' in 'src/cstar_bringup'
[0.513s] INFO:colcon.colcon_core.package_selection:Skipping not selected package 'cstar_controller' in 'src/cstar_controller'
[0.513s] INFO:colcon.colcon_core.package_selection:Skipping not selected package 'cstar_mapping' in 'src/cstar_mapping'
[0.514s] INFO:colcon.colcon_core.package_selection:Skipping not selected package 'cstar_metrics' in 'src/cstar_metrics'
[0.514s] INFO:colcon.colcon_core.package_selection:Skipping not selected package 'cstar_planner' in 'src/cstar_planner'
[0.514s] Level 1:colcon.colcon_core.package_discovery:discover_packages(prefix_path) check parameters
[0.514s] Level 1:colcon.colcon_core.package_discovery:discover_packages(prefix_path) discover
[0.521s] DEBUG:colcon.colcon_installed_package_information.package_discovery:Found 6 installed packages in /home/admin/yahboomcar_cstar/install
[0.522s] DEBUG:colcon.colcon_installed_package_information.package_discovery:Found 21 installed packages in /home/admin/ws/yahboomcar_ros2_ws/yahboomcar_ws/install
[0.523s] DEBUG:colcon.colcon_installed_package_information.package_discovery:Found 17 installed packages in /home/admin/pb_rm_simulation/install
[0.523s] DEBUG:colcon.colcon_installed_package_information.package_discovery:Found 5 installed packages in /home/admin/c_star_ws/install
[0.525s] DEBUG:colcon.colcon_installed_package_information.package_discovery:Found 383 installed packages in /opt/ros/humble
[0.526s] Level 1:colcon.colcon_core.package_discovery:discover_packages(prefix_path) using defaults
[0.613s] Level 5:colcon.colcon_core.verb:set package 'cstar_graph' build argument 'cmake_args' from command line to 'None'
[0.613s] Level 5:colcon.colcon_core.verb:set package 'cstar_graph' build argument 'cmake_target' from command line to 'None'
[0.613s] Level 5:colcon.colcon_core.verb:set package 'cstar_graph' build argument 'cmake_target_skip_unavailable' from command line to 'False'
[0.613s] Level 5:colcon.colcon_core.verb:set package 'cstar_graph' build argument 'cmake_clean_cache' from command line to 'False'
[0.613s] Level 5:colcon.colcon_core.verb:set package 'cstar_graph' build argument 'cmake_clean_first' from command line to 'False'
[0.613s] Level 5:colcon.colcon_core.verb:set package 'cstar_graph' build argument 'cmake_force_configure' from command line to 'False'
[0.613s] Level 5:colcon.colcon_core.verb:set package 'cstar_graph' build argument 'ament_cmake_args' from command line to 'None'
[0.613s] Level 5:colcon.colcon_core.verb:set package 'cstar_graph' build argument 'catkin_cmake_args' from command line to 'None'
[0.613s] Level 5:colcon.colcon_core.verb:set package 'cstar_graph' build argument 'catkin_skip_building_tests' from command line to 'False'
[0.613s] DEBUG:colcon.colcon_core.verb:Building package 'cstar_graph' with the following arguments: {'ament_cmake_args': None, 'build_base': '/home/admin/yahboomcar_cstar/build/cstar_graph', 'catkin_cmake_args': None, 'catkin_skip_building_tests': False, 'cmake_args': None, 'cmake_clean_cache': False, 'cmake_clean_first': False, 'cmake_force_configure': False, 'cmake_target': None, 'cmake_target_skip_unavailable': False, 'install_base': '/home/admin/yahboomcar_cstar/install/cstar_graph', 'merge_install': False, 'path': '/home/admin/yahboomcar_cstar/src/cstar_graph', 'symlink_install': True, 'test_result_base': None}
[0.614s] INFO:colcon.colcon_core.executor:Executing jobs using 'parallel' executor
[0.615s] DEBUG:colcon.colcon_parallel_executor.executor.parallel:run_until_complete
[0.615s] INFO:colcon.colcon_ros.task.ament_python.build:Building ROS package in '/home/admin/yahboomcar_cstar/src/cstar_graph' with build type 'ament_python'
[0.615s] Level 1:colcon.colcon_core.shell:create_environment_hook('cstar_graph', 'ament_prefix_path')
[0.621s] INFO:colcon.colcon_core.plugin_system:Skipping extension 'colcon_core.shell.bat': Not used on non-Windows systems
[0.621s] INFO:colcon.colcon_core.shell:Creating environment hook '/home/admin/yahboomcar_cstar/install/cstar_graph/share/cstar_graph/hook/ament_prefix_path.ps1'
[0.622s] INFO:colcon.colcon_core.shell:Creating environment descriptor '/home/admin/yahboomcar_cstar/install/cstar_graph/share/cstar_graph/hook/ament_prefix_path.dsv'
[0.623s] INFO:colcon.colcon_core.shell:Creating environment hook '/home/admin/yahboomcar_cstar/install/cstar_graph/share/cstar_graph/hook/ament_prefix_path.sh'
[0.623s] INFO:colcon.colcon_core.shell:Skip shell extension 'powershell' for command environment: Not usable outside of PowerShell
[0.623s] DEBUG:colcon.colcon_core.shell:Skip shell extension 'dsv' for command environment
[0.868s] INFO:colcon.colcon_core.task.python.build:Building Python package in '/home/admin/yahboomcar_cstar/src/cstar_graph'
[0.868s] INFO:colcon.colcon_core.shell:Skip shell extension 'powershell' for command environment: Not usable outside of PowerShell
[0.868s] DEBUG:colcon.colcon_core.shell:Skip shell extension 'dsv' for command environment
[1.388s] DEBUG:colcon.colcon_core.event_handler.log_command:Invoking command in '/home/admin/yahboomcar_cstar/build/cstar_graph': PYTHONPATH=/home/admin/yahboomcar_cstar/build/cstar_graph/prefix_override:/usr/lib/python3/dist-packages/colcon_core/task/python/colcon_distutils_commands:/home/admin/yahboomcar_cstar/install/cstar_graph/lib/python3.10/site-packages:${PYTHONPATH} /usr/bin/python3 -W ignore:setup.py install is deprecated -W ignore:easy_install command is deprecated setup.py develop --editable --build-directory /home/admin/yahboomcar_cstar/build/cstar_graph/build --no-deps symlink_data
[1.797s] Level 1:colcon.colcon_core.shell:create_environment_hook('cstar_graph', 'pythonpath_develop')
[1.798s] INFO:colcon.colcon_core.shell:Creating environment hook '/home/admin/yahboomcar_cstar/build/cstar_graph/share/cstar_graph/hook/pythonpath_develop.ps1'
[1.798s] DEBUG:colcon.colcon_core.event_handler.log_command:Invoked command in '/home/admin/yahboomcar_cstar/build/cstar_graph' returned '0': PYTHONPATH=/home/admin/yahboomcar_cstar/build/cstar_graph/prefix_override:/usr/lib/python3/dist-packages/colcon_core/task/python/colcon_distutils_commands:/home/admin/yahboomcar_cstar/install/cstar_graph/lib/python3.10/site-packages:${PYTHONPATH} /usr/bin/python3 -W ignore:setup.py install is deprecated -W ignore:easy_install command is deprecated setup.py develop --editable --build-directory /home/admin/yahboomcar_cstar/build/cstar_graph/build --no-deps symlink_data
[1.798s] INFO:colcon.colcon_core.shell:Creating environment descriptor '/home/admin/yahboomcar_cstar/build/cstar_graph/share/cstar_graph/hook/pythonpath_develop.dsv'
[1.799s] INFO:colcon.colcon_core.shell:Creating environment hook '/home/admin/yahboomcar_cstar/build/cstar_graph/share/cstar_graph/hook/pythonpath_develop.sh'
[1.804s] Level 1:colcon.colcon_core.environment:checking '/home/admin/yahboomcar_cstar/install/cstar_graph' for CMake module files
[1.804s] Level 1:colcon.colcon_core.environment:checking '/home/admin/yahboomcar_cstar/install/cstar_graph' for CMake config files
[1.805s] Level 1:colcon.colcon_core.environment:checking '/home/admin/yahboomcar_cstar/install/cstar_graph/lib'
[1.805s] Level 1:colcon.colcon_core.environment:checking '/home/admin/yahboomcar_cstar/install/cstar_graph/bin'
[1.805s] Level 1:colcon.colcon_core.environment:checking '/home/admin/yahboomcar_cstar/install/cstar_graph/lib/pkgconfig/cstar_graph.pc'
[1.805s] Level 1:colcon.colcon_core.environment:checking '/home/admin/yahboomcar_cstar/install/cstar_graph/lib/python3.10/site-packages'
[1.805s] Level 1:colcon.colcon_core.shell:create_environment_hook('cstar_graph', 'pythonpath')
[1.806s] INFO:colcon.colcon_core.shell:Creating environment hook '/home/admin/yahboomcar_cstar/install/cstar_graph/share/cstar_graph/hook/pythonpath.ps1'
[1.806s] INFO:colcon.colcon_core.shell:Creating environment descriptor '/home/admin/yahboomcar_cstar/install/cstar_graph/share/cstar_graph/hook/pythonpath.dsv'
[1.806s] INFO:colcon.colcon_core.shell:Creating environment hook '/home/admin/yahboomcar_cstar/install/cstar_graph/share/cstar_graph/hook/pythonpath.sh'
[1.807s] Level 1:colcon.colcon_core.environment:checking '/home/admin/yahboomcar_cstar/install/cstar_graph/bin'
[1.807s] Level 1:colcon.colcon_core.environment:create_environment_scripts_only(cstar_graph)
[1.807s] INFO:colcon.colcon_core.shell:Creating package script '/home/admin/yahboomcar_cstar/install/cstar_graph/share/cstar_graph/package.ps1'
[1.808s] INFO:colcon.colcon_core.shell:Creating package descriptor '/home/admin/yahboomcar_cstar/install/cstar_graph/share/cstar_graph/package.dsv'
[1.809s] INFO:colcon.colcon_core.shell:Creating package script '/home/admin/yahboomcar_cstar/install/cstar_graph/share/cstar_graph/package.sh'
[1.810s] INFO:colcon.colcon_core.shell:Creating package script '/home/admin/yahboomcar_cstar/install/cstar_graph/share/cstar_graph/package.bash'
[1.810s] INFO:colcon.colcon_core.shell:Creating package script '/home/admin/yahboomcar_cstar/install/cstar_graph/share/cstar_graph/package.zsh'
[1.811s] Level 1:colcon.colcon_core.environment:create_file_with_runtime_dependencies(/home/admin/yahboomcar_cstar/install/cstar_graph/share/colcon-core/packages/cstar_graph)
[1.812s] DEBUG:colcon.colcon_parallel_executor.executor.parallel:closing loop
[1.813s] DEBUG:colcon.colcon_parallel_executor.executor.parallel:loop closed
[1.813s] DEBUG:colcon.colcon_parallel_executor.executor.parallel:run_until_complete finished with '0'
[1.813s] DEBUG:colcon.colcon_core.event_reactor:joining thread
[1.820s] INFO:colcon.colcon_core.plugin_system:Skipping extension 'colcon_notification.desktop_notification.terminal_notifier': Not used on non-Darwin systems
[1.820s] INFO:colcon.colcon_core.plugin_system:Skipping extension 'colcon_notification.desktop_notification.win32': Not used on non-Windows systems
[1.820s] INFO:colcon.colcon_notification.desktop_notification:Sending desktop notification using 'notify2'
[1.835s] DEBUG:colcon.colcon_core.event_reactor:joined thread
[1.835s] INFO:colcon.colcon_core.shell:Creating prefix script '/home/admin/yahboomcar_cstar/install/local_setup.ps1'
[1.836s] INFO:colcon.colcon_core.shell:Creating prefix util module '/home/admin/yahboomcar_cstar/install/_local_setup_util_ps1.py'
[1.837s] INFO:colcon.colcon_core.shell:Creating prefix chain script '/home/admin/yahboomcar_cstar/install/setup.ps1'
[1.840s] INFO:colcon.colcon_core.shell:Creating prefix script '/home/admin/yahboomcar_cstar/install/local_setup.sh'
[1.841s] INFO:colcon.colcon_core.shell:Creating prefix util module '/home/admin/yahboomcar_cstar/install/_local_setup_util_sh.py'
[1.842s] INFO:colcon.colcon_core.shell:Creating prefix chain script '/home/admin/yahboomcar_cstar/install/setup.sh'
[1.844s] INFO:colcon.colcon_core.shell:Creating prefix script '/home/admin/yahboomcar_cstar/install/local_setup.bash'
[1.845s] INFO:colcon.colcon_core.shell:Creating prefix chain script '/home/admin/yahboomcar_cstar/install/setup.bash'
[1.847s] INFO:colcon.colcon_core.shell:Creating prefix script '/home/admin/yahboomcar_cstar/install/local_setup.zsh'
[1.848s] INFO:colcon.colcon_core.shell:Creating prefix chain script '/home/admin/yahboomcar_cstar/install/setup.zsh'
