[1.778s] Invoking command in '/home/admin/yahboomcar_cstar/build/cstar_metrics': PYTHONPATH=/home/admin/yahboomcar_cstar/build/cstar_metrics/prefix_override:/usr/lib/python3/dist-packages/colcon_core/task/python/colcon_distutils_commands:/home/admin/yahboomcar_cstar/install/cstar_metrics/lib/python3.10/site-packages:${PYTHONPATH} /usr/bin/python3 -W ignore:setup.py install is deprecated -W ignore:easy_install command is deprecated setup.py develop --editable --build-directory /home/admin/yahboomcar_cstar/build/cstar_metrics/build --no-deps symlink_data
[1.996s] running develop
[2.116s] running egg_info
[2.116s] creating cstar_metrics.egg-info
[2.116s] writing cstar_metrics.egg-info/PKG-INFO
[2.116s] writing dependency_links to cstar_metrics.egg-info/dependency_links.txt
[2.116s] writing entry points to cstar_metrics.egg-info/entry_points.txt
[2.116s] writing requirements to cstar_metrics.egg-info/requires.txt
[2.116s] writing top-level names to cstar_metrics.egg-info/top_level.txt
[2.116s] writing manifest file 'cstar_metrics.egg-info/SOURCES.txt'
[2.117s] reading manifest file 'cstar_metrics.egg-info/SOURCES.txt'
[2.118s] writing manifest file 'cstar_metrics.egg-info/SOURCES.txt'
[2.120s] running build_ext
[2.120s] Creating /home/admin/yahboomcar_cstar/install/cstar_metrics/lib/python3.10/site-packages/cstar-metrics.egg-link (link to .)
[2.121s] 
[2.121s] Installed /home/admin/yahboomcar_cstar/build/cstar_metrics
[2.121s] running symlink_data
[2.121s] creating /home/admin/yahboomcar_cstar/install/cstar_metrics/share/ament_index
[2.121s] creating /home/admin/yahboomcar_cstar/install/cstar_metrics/share/ament_index/resource_index
[2.121s] creating /home/admin/yahboomcar_cstar/install/cstar_metrics/share/ament_index/resource_index/packages
[2.121s] symbolically linking /home/admin/yahboomcar_cstar/build/cstar_metrics/resource/cstar_metrics -> /home/admin/yahboomcar_cstar/install/cstar_metrics/share/ament_index/resource_index/packages
[2.121s] symbolically linking /home/admin/yahboomcar_cstar/build/cstar_metrics/package.xml -> /home/admin/yahboomcar_cstar/install/cstar_metrics/share/cstar_metrics
[2.141s] Invoked command in '/home/admin/yahboomcar_cstar/build/cstar_metrics' returned '0': PYTHONPATH=/home/admin/yahboomcar_cstar/build/cstar_metrics/prefix_override:/usr/lib/python3/dist-packages/colcon_core/task/python/colcon_distutils_commands:/home/admin/yahboomcar_cstar/install/cstar_metrics/lib/python3.10/site-packages:${PYTHONPATH} /usr/bin/python3 -W ignore:setup.py install is deprecated -W ignore:easy_install command is deprecated setup.py develop --editable --build-directory /home/admin/yahboomcar_cstar/build/cstar_metrics/build --no-deps symlink_data
