running develop
running egg_info
creating cstar_planner.egg-info
writing cstar_planner.egg-info/PKG-INFO
writing dependency_links to cstar_planner.egg-info/dependency_links.txt
writing entry points to cstar_planner.egg-info/entry_points.txt
writing requirements to cstar_planner.egg-info/requires.txt
writing top-level names to cstar_planner.egg-info/top_level.txt
writing manifest file 'cstar_planner.egg-info/SOURCES.txt'
reading manifest file 'cstar_planner.egg-info/SOURCES.txt'
writing manifest file 'cstar_planner.egg-info/SOURCES.txt'
running build_ext
Creating /home/admin/yahboomcar_cstar/install/cstar_planner/lib/python3.10/site-packages/cstar-planner.egg-link (link to .)

Installed /home/admin/yahboomcar_cstar/build/cstar_planner
running symlink_data
creating /home/admin/yahboomcar_cstar/install/cstar_planner/share/ament_index
creating /home/admin/yahboomcar_cstar/install/cstar_planner/share/ament_index/resource_index
creating /home/admin/yahboomcar_cstar/install/cstar_planner/share/ament_index/resource_index/packages
symbolically linking /home/admin/yahboomcar_cstar/build/cstar_planner/resource/cstar_planner -> /home/admin/yahboomcar_cstar/install/cstar_planner/share/ament_index/resource_index/packages
symbolically linking /home/admin/yahboomcar_cstar/build/cstar_planner/package.xml -> /home/admin/yahboomcar_cstar/install/cstar_planner/share/cstar_planner
