running develop
running egg_info
creating cstar_mapping.egg-info
writing cstar_mapping.egg-info/PKG-INFO
writing dependency_links to cstar_mapping.egg-info/dependency_links.txt
writing entry points to cstar_mapping.egg-info/entry_points.txt
writing requirements to cstar_mapping.egg-info/requires.txt
writing top-level names to cstar_mapping.egg-info/top_level.txt
writing manifest file 'cstar_mapping.egg-info/SOURCES.txt'
reading manifest file 'cstar_mapping.egg-info/SOURCES.txt'
writing manifest file 'cstar_mapping.egg-info/SOURCES.txt'
running build_ext
Creating /home/admin/yahboomcar_cstar/install/cstar_mapping/lib/python3.10/site-packages/cstar-mapping.egg-link (link to .)

Installed /home/admin/yahboomcar_cstar/build/cstar_mapping
running symlink_data
creating /home/admin/yahboomcar_cstar/install/cstar_mapping/share/ament_index
creating /home/admin/yahboomcar_cstar/install/cstar_mapping/share/ament_index/resource_index
creating /home/admin/yahboomcar_cstar/install/cstar_mapping/share/ament_index/resource_index/packages
symbolically linking /home/admin/yahboomcar_cstar/build/cstar_mapping/resource/cstar_mapping -> /home/admin/yahboomcar_cstar/install/cstar_mapping/share/ament_index/resource_index/packages
symbolically linking /home/admin/yahboomcar_cstar/build/cstar_mapping/package.xml -> /home/admin/yahboomcar_cstar/install/cstar_mapping/share/cstar_mapping
