[1.794s] Invoking command in '/home/admin/yahboomcar_cstar/build/cstar_mapping': PYTHONPATH=/home/admin/yahboomcar_cstar/build/cstar_mapping/prefix_override:/usr/lib/python3/dist-packages/colcon_core/task/python/colcon_distutils_commands:/home/admin/yahboomcar_cstar/install/cstar_mapping/lib/python3.10/site-packages:${PYTHONPATH} /usr/bin/python3 -W ignore:setup.py install is deprecated -W ignore:easy_install command is deprecated setup.py develop --editable --build-directory /home/admin/yahboomcar_cstar/build/cstar_mapping/build --no-deps symlink_data
[2.010s] running develop
[2.128s] running egg_info
[2.128s] creating cstar_mapping.egg-info
[2.128s] writing cstar_mapping.egg-info/PKG-INFO
[2.128s] writing dependency_links to cstar_mapping.egg-info/dependency_links.txt
[2.128s] writing entry points to cstar_mapping.egg-info/entry_points.txt
[2.128s] writing requirements to cstar_mapping.egg-info/requires.txt
[2.128s] writing top-level names to cstar_mapping.egg-info/top_level.txt
[2.128s] writing manifest file 'cstar_mapping.egg-info/SOURCES.txt'
[2.130s] reading manifest file 'cstar_mapping.egg-info/SOURCES.txt'
[2.130s] writing manifest file 'cstar_mapping.egg-info/SOURCES.txt'
[2.131s] running build_ext
[2.132s] Creating /home/admin/yahboomcar_cstar/install/cstar_mapping/lib/python3.10/site-packages/cstar-mapping.egg-link (link to .)
[2.132s] 
[2.132s] Installed /home/admin/yahboomcar_cstar/build/cstar_mapping
[2.132s] running symlink_data
[2.132s] creating /home/admin/yahboomcar_cstar/install/cstar_mapping/share/ament_index
[2.132s] creating /home/admin/yahboomcar_cstar/install/cstar_mapping/share/ament_index/resource_index
[2.132s] creating /home/admin/yahboomcar_cstar/install/cstar_mapping/share/ament_index/resource_index/packages
[2.132s] symbolically linking /home/admin/yahboomcar_cstar/build/cstar_mapping/resource/cstar_mapping -> /home/admin/yahboomcar_cstar/install/cstar_mapping/share/ament_index/resource_index/packages
[2.133s] symbolically linking /home/admin/yahboomcar_cstar/build/cstar_mapping/package.xml -> /home/admin/yahboomcar_cstar/install/cstar_mapping/share/cstar_mapping
[2.182s] Invoked command in '/home/admin/yahboomcar_cstar/build/cstar_mapping' returned '0': PYTHONPATH=/home/admin/yahboomcar_cstar/build/cstar_mapping/prefix_override:/usr/lib/python3/dist-packages/colcon_core/task/python/colcon_distutils_commands:/home/admin/yahboomcar_cstar/install/cstar_mapping/lib/python3.10/site-packages:${PYTHONPATH} /usr/bin/python3 -W ignore:setup.py install is deprecated -W ignore:easy_install command is deprecated setup.py develop --editable --build-directory /home/admin/yahboomcar_cstar/build/cstar_mapping/build --no-deps symlink_data
